<html>
<body>
<pre>
<h1>µVision Build Log</h1>
<h2>Tool Versions:</h2>
IDE-Version: µVision V5.34.0.0
Copyright (C) 2021 ARM Ltd and ARM Germany GmbH. All rights reserved.
License Information: Abdelrahman Magdy, Value, LIC=----
 
Tool Versions:
Toolchain:       MDK-Lite  Version: 5.34.0.0
Toolchain Path:  E:\Keil_Packs\ARM\ARMCLANG\Bin
C Compiler:      ArmClang.exe V6.16
Assembler:       Armasm.exe V6.16
Linker/Locator:  ArmLink.exe V6.16
Library Manager: ArmAr.exe V6.16
Hex Converter:   FromElf.exe V6.16
CPU DLL:         SARMCM3.DLL V5.34.0.0
Dialog DLL:      DCM.DLL V1.17.3.0
Target DLL:      STLink\ST-LINKIII-KEIL_SWO.dll V3.0.8.0
Dialog DLL:      TCM.DLL V1.48.0.0
 
<h2>Project:</h2>
E:\Embedded_Abdelrahman_Magdy\01_ARM\06_Mina\STM32F429ZITx\01_MCAL\02_GPIO\GPIO.uvprojx
Project File Date:  07/08/2021

<h2>Output:</h2>
*** Using Compiler 'V6.16', folder: 'E:\Keil_Packs\ARM\ARMCLANG\Bin'
Rebuild target 'Target 1'
compiling main.c...
compiling system_stm32f4xx.c...
assembling startup_stm32f429xx.s...
GPIO_program.c(25): warning: In file included from...
./GPIO_config.h(37): warning: no newline at end of file [-Wnewline-eof]
#endif /* GPIO_CONFIG_H_ */
                           ^
GPIO_program.c(58): warning: implicit conversion changes signedness: 'int' to 'unsigned long' [-Wsign-conversion]
                                          GPIOA_MODER |= (copy_u8MODE << (2*copy_u8PIN));
                                                      ~~  ~~~~~~~~~~~~^~~~~~~~~~~~~~~~~
GPIO_program.c(63): warning: implicit conversion changes signedness: 'int' to 'unsigned long' [-Wsign-conversion]
                                         GPIOB_MODER |= (copy_u8MODE << (2*copy_u8PIN));
                                                     ~~  ~~~~~~~~~~~~^~~~~~~~~~~~~~~~~
GPIO_program.c(67): warning: implicit conversion changes signedness: 'int' to 'unsigned long' [-Wsign-conversion]
                                         GPIOC_MODER |= (copy_u8MODE << (2*copy_u8PIN));
                                                     ~~  ~~~~~~~~~~~~^~~~~~~~~~~~~~~~~
GPIO_program.c(71): warning: implicit conversion changes signedness: 'int' to 'unsigned long' [-Wsign-conversion]
                                         GPIOD_MODER|= (copy_u8MODE << (2*copy_u8PIN));
                                                    ~~  ~~~~~~~~~~~~^~~~~~~~~~~~~~~~~
GPIO_program.c(75): warning: implicit conversion changes signedness: 'int' to 'unsigned long' [-Wsign-conversion]
                                         GPIOE_MODER|= (copy_u8MODE << (2*copy_u8PIN));
                                                    ~~  ~~~~~~~~~~~~^~~~~~~~~~~~~~~~~
GPIO_program.c(79): warning: implicit conversion changes signedness: 'int' to 'unsigned long' [-Wsign-conversion]
                                         GPIOF_MODER|= (copy_u8MODE << (2*copy_u8PIN));
                                                    ~~  ~~~~~~~~~~~~^~~~~~~~~~~~~~~~~
GPIO_program.c(83): warning: implicit conversion changes signedness: 'int' to 'unsigned long' [-Wsign-conversion]
                                         GPIOG_MODER|= (copy_u8MODE << (2*copy_u8PIN));
                                                    ~~  ~~~~~~~~~~~~^~~~~~~~~~~~~~~~~
GPIO_program.c(87): warning: implicit conversion changes signedness: 'int' to 'unsigned long' [-Wsign-conversion]
                                         GPIOH_MODER|= (copy_u8MODE << (2*copy_u8PIN));
                                                    ~~  ~~~~~~~~~~~~^~~~~~~~~~~~~~~~~
GPIO_program.c(111): warning: implicit conversion changes signedness: 'int' to 'unsigned long' [-Wsign-conversion]
                                            GPIOA_OTYPER|= (copy_u8Type << (copy_u8PIN));
                                                        ~~  ~~~~~~~~~~~~^~~~~~~~~~~~~~~
GPIO_program.c(116): warning: implicit conversion changes signedness: 'int' to 'unsigned long' [-Wsign-conversion]
                                                 GPIOB_OTYPER|= (copy_u8Type << (copy_u8PIN));
                                                             ~~  ~~~~~~~~~~~~^~~~~~~~~~~~~~~
GPIO_program.c(120): warning: implicit conversion changes signedness: 'int' to 'unsigned long' [-Wsign-conversion]
                                                GPIOC_OTYPER|= (copy_u8Type << (copy_u8PIN));
                                                            ~~  ~~~~~~~~~~~~^~~~~~~~~~~~~~~
GPIO_program.c(124): warning: implicit conversion changes signedness: 'int' to 'unsigned long' [-Wsign-conversion]
                                                GPIOD_OTYPER|= (copy_u8Type << (copy_u8PIN));
                                                            ~~  ~~~~~~~~~~~~^~~~~~~~~~~~~~~
GPIO_program.c(128): warning: implicit conversion changes signedness: 'int' to 'unsigned long' [-Wsign-conversion]
                                                GPIOE_OTYPER|= (copy_u8Type<< (copy_u8PIN));
                                                            ~~  ~~~~~~~~~~~^~~~~~~~~~~~~~~
GPIO_program.c(132): warning: implicit conversion changes signedness: 'int' to 'unsigned long' [-Wsign-conversion]
                                                 GPIOF_OTYPER|= (copy_u8Type << (copy_u8PIN));
                                                             ~~  ~~~~~~~~~~~~^~~~~~~~~~~~~~~
GPIO_program.c(136): warning: implicit conversion changes signedness: 'int' to 'unsigned long' [-Wsign-conversion]
                                            GPIOG_OTYPER|= (copy_u8Type << (copy_u8PIN));
                                                        ~~  ~~~~~~~~~~~~^~~~~~~~~~~~~~~
GPIO_program.c(140): warning: implicit conversion changes signedness: 'int' to 'unsigned long' [-Wsign-conversion]
                                                GPIOH_OTYPER|= (copy_u8Type<< (copy_u8PIN));
                                                            ~~  ~~~~~~~~~~~^~~~~~~~~~~~~~~
GPIO_program.c(166): warning: implicit conversion changes signedness: 'int' to 'unsigned long' [-Wsign-conversion]
                                            GPIOA_OSPEEDR|= (copy_u8Speed << (2*copy_u8PIN));
                                                         ~~  ~~~~~~~~~~~~~^~~~~~~~~~~~~~~~~
GPIO_program.c(171): warning: implicit conversion changes signedness: 'int' to 'unsigned long' [-Wsign-conversion]
                                                 GPIOB_OSPEEDR|= (copy_u8Speed << (2*copy_u8PIN));
                                                              ~~  ~~~~~~~~~~~~~^~~~~~~~~~~~~~~~~
GPIO_program.c(175): warning: implicit conversion changes signedness: 'int' to 'unsigned long' [-Wsign-conversion]
                                                GPIOC_OSPEEDR|= (copy_u8Speed << (2*copy_u8PIN));
                                                             ~~  ~~~~~~~~~~~~~^~~~~~~~~~~~~~~~~
GPIO_program.c(179): warning: implicit conversion changes signedness: 'int' to 'unsigned long' [-Wsign-conversion]
                                                GPIOD_OSPEEDR|= (copy_u8Speed << (2*copy_u8PIN));
                                                             ~~  ~~~~~~~~~~~~~^~~~~~~~~~~~~~~~~
GPIO_program.c(183): warning: implicit conversion changes signedness: 'int' to 'unsigned long' [-Wsign-conversion]
                                                GPIOE_OSPEEDR|= (copy_u8Speed<< (2*copy_u8PIN));
                                                             ~~  ~~~~~~~~~~~~^~~~~~~~~~~~~~~~~
GPIO_program.c(187): warning: implicit conversion changes signedness: 'int' to 'unsigned long' [-Wsign-conversion]
                                                 GPIOF_OSPEEDR|= (copy_u8Speed << (2*copy_u8PIN));
                                                              ~~  ~~~~~~~~~~~~~^~~~~~~~~~~~~~~~~
GPIO_program.c(191): warning: implicit conversion changes signedness: 'int' to 'unsigned long' [-Wsign-conversion]
                                            GPIOG_OSPEEDR|= (copy_u8Speed<< (2*copy_u8PIN));
                                                         ~~  ~~~~~~~~~~~~^~~~~~~~~~~~~~~~~
GPIO_program.c(195): warning: implicit conversion changes signedness: 'int' to 'unsigned long' [-Wsign-conversion]
                                                GPIOH_OSPEEDR|= (copy_u8Speed<< (2*copy_u8PIN));
                                                             ~~  ~~~~~~~~~~~~^~~~~~~~~~~~~~~~~
GPIO_program.c(220): warning: implicit conversion changes signedness: 'int' to 'unsigned long' [-Wsign-conversion]
                                            GPIOA_PUPDR|= (copy_u8PULL_TYPE << (2*copy_u8PIN));
                                                       ~~  ~~~~~~~~~~~~~~~~~^~~~~~~~~~~~~~~~~
GPIO_program.c(225): warning: implicit conversion changes signedness: 'int' to 'unsigned long' [-Wsign-conversion]
                                                 GPIOB_PUPDR|= (copy_u8PULL_TYPE<< (2*copy_u8PIN));
                                                            ~~  ~~~~~~~~~~~~~~~~^~~~~~~~~~~~~~~~~
GPIO_program.c(229): warning: implicit conversion changes signedness: 'int' to 'unsigned long' [-Wsign-conversion]
                                                GPIOC_PUPDR|= (copy_u8PULL_TYPE << (2*copy_u8PIN));
                                                           ~~  ~~~~~~~~~~~~~~~~~^~~~~~~~~~~~~~~~~
GPIO_program.c(233): warning: implicit conversion changes signedness: 'int' to 'unsigned long' [-Wsign-conversion]
                                                GPIOD_PUPDR|= (copy_u8PULL_TYPE<< (2*copy_u8PIN));
                                                           ~~  ~~~~~~~~~~~~~~~~^~~~~~~~~~~~~~~~~
GPIO_program.c(237): warning: implicit conversion changes signedness: 'int' to 'unsigned long' [-Wsign-conversion]
                                                GPIOE_PUPDR|= (copy_u8PULL_TYPE<< (2*copy_u8PIN));
                                                           ~~  ~~~~~~~~~~~~~~~~^~~~~~~~~~~~~~~~~
GPIO_program.c(241): warning: implicit conversion changes signedness: 'int' to 'unsigned long' [-Wsign-conversion]
                                                 GPIOF_PUPDR|= (copy_u8PULL_TYPE << (2*copy_u8PIN));
                                                            ~~  ~~~~~~~~~~~~~~~~~^~~~~~~~~~~~~~~~~
GPIO_program.c(245): warning: implicit conversion changes signedness: 'int' to 'unsigned long' [-Wsign-conversion]
                                            GPIOG_PUPDR|= (copy_u8PULL_TYPE <<(2*copy_u8PIN));
                                                       ~~  ~~~~~~~~~~~~~~~~~^~~~~~~~~~~~~~~~
GPIO_program.c(249): warning: implicit conversion changes signedness: 'int' to 'unsigned long' [-Wsign-conversion]
                                                GPIOH_PUPDR|= (copy_u8PULL_TYPE<< (2*copy_u8PIN));
                                                           ~~  ~~~~~~~~~~~~~~~~^~~~~~~~~~~~~~~~~
GPIO_program.c(451): warning: implicit conversion changes signedness: 'int' to 'unsigned long' [-Wsign-conversion]
                             GPIOA_AFRL|= (copy_u8AlT << (4U*copy_u8PIN));
                                       ~~  ~~~~~~~~~~~^~~~~~~~~~~~~~~~~~
GPIO_program.c(455): warning: implicit conversion changes signedness: 'int' to 'unsigned long' [-Wsign-conversion]
                             GPIOB_AFRL|= (copy_u8AlT<< (4U*copy_u8PIN));
                                       ~~  ~~~~~~~~~~^~~~~~~~~~~~~~~~~~
GPIO_program.c(459): warning: implicit conversion changes signedness: 'int' to 'unsigned long' [-Wsign-conversion]
                             GPIOC_AFRL|= (copy_u8AlT << (4U*copy_u8PIN));
                                       ~~  ~~~~~~~~~~~^~~~~~~~~~~~~~~~~~
GPIO_program.c(463): warning: implicit conversion changes signedness: 'int' to 'unsigned long' [-Wsign-conversion]
                             GPIOD_AFRL|= (copy_u8AlT << (4U*copy_u8PIN));
                                       ~~  ~~~~~~~~~~~^~~~~~~~~~~~~~~~~~
GPIO_program.c(467): warning: implicit conversion changes signedness: 'int' to 'unsigned long' [-Wsign-conversion]
                             GPIOE_AFRL|= (copy_u8AlT << (4U*copy_u8PIN));
                                       ~~  ~~~~~~~~~~~^~~~~~~~~~~~~~~~~~
GPIO_program.c(471): warning: implicit conversion changes signedness: 'int' to 'unsigned long' [-Wsign-conversion]
                             GPIOF_AFRL|= (copy_u8AlT << (4U*copy_u8PIN));
                                       ~~  ~~~~~~~~~~~^~~~~~~~~~~~~~~~~~
GPIO_program.c(475): warning: implicit conversion changes signedness: 'int' to 'unsigned long' [-Wsign-conversion]
                             GPIOG_AFRL|= (copy_u8AlT << (4U*copy_u8PIN));
                                       ~~  ~~~~~~~~~~~^~~~~~~~~~~~~~~~~~
GPIO_program.c(479): warning: implicit conversion changes signedness: 'int' to 'unsigned long' [-Wsign-conversion]
                             GPIOH_AFRL|= (copy_u8AlT << (4U*copy_u8PIN));
                                       ~~  ~~~~~~~~~~~^~~~~~~~~~~~~~~~~~
GPIO_program.c(492): warning: implicit conversion changes signedness: 'int' to 'unsigned long' [-Wsign-conversion]
                          GPIOA_AFRH|= (copy_u8AlT << (4U*(copy_u8PIN % 8U)));
                                    ~~  ~~~~~~~~~~~^~~~~~~~~~~~~~~~~~~~~~~~~
GPIO_program.c(496): warning: implicit conversion changes signedness: 'int' to 'unsigned long' [-Wsign-conversion]
                          GPIOB_AFRH|= (copy_u8AlT<< ((copy_u8PIN % 8U)));
                                    ~~  ~~~~~~~~~~^~~~~~~~~~~~~~~~~~~~~~
GPIO_program.c(500): warning: implicit conversion changes signedness: 'int' to 'unsigned long' [-Wsign-conversion]
                          GPIOC_AFRH|= (copy_u8AlT << ((copy_u8PIN % 8U)));
                                    ~~  ~~~~~~~~~~~^~~~~~~~~~~~~~~~~~~~~~
GPIO_program.c(504): warning: implicit conversion changes signedness: 'int' to 'unsigned long' [-Wsign-conversion]
                          GPIOD_AFRH|= (copy_u8AlT << ((copy_u8PIN % 8U)));
                                    ~~  ~~~~~~~~~~~^~~~~~~~~~~~~~~~~~~~~~
GPIO_program.c(508): warning: implicit conversion changes signedness: 'int' to 'unsigned long' [-Wsign-conversion]
                          GPIOE_AFRH|= (copy_u8AlT << ((copy_u8PIN % 8U)));
                                    ~~  ~~~~~~~~~~~^~~~~~~~~~~~~~~~~~~~~~
GPIO_program.c(512): warning: implicit conversion changes signedness: 'int' to 'unsigned long' [-Wsign-conversion]
                          GPIOF_AFRH|= (copy_u8AlT << ((copy_u8PIN % 8)));
                                    ~~  ~~~~~~~~~~~^~~~~~~~~~~~~~~~~~~~~
GPIO_program.c(516): warning: implicit conversion changes signedness: 'int' to 'unsigned long' [-Wsign-conversion]
                          GPIOG_AFRH|= (copy_u8AlT << ((copy_u8PIN % 8)));
                                    ~~  ~~~~~~~~~~~^~~~~~~~~~~~~~~~~~~~~
GPIO_program.c(520): warning: implicit conversion changes signedness: 'int' to 'unsigned long' [-Wsign-conversion]
                          GPIOH_AFRH|= (copy_u8AlT << ((copy_u8PIN % 8)));
                                    ~~  ~~~~~~~~~~~^~~~~~~~~~~~~~~~~~~~~
GPIO_program.c(527): warning: no newline at end of file [-Wnewline-eof]
}
 ^
50 warnings generated.
compiling GPIO_program.c...
linking...
Program Size: Code=380 RO-data=444 RW-data=0 ZI-data=1632  
".\Objects\GPIO.axf" - 0 Error(s), 50 Warning(s).

<h2>Software Packages used:</h2>

Package Vendor: ARM
                http://www.keil.com/pack/ARM.CMSIS.5.7.0.pack
                ARM.CMSIS.5.7.0
                CMSIS (Cortex Microcontroller Software Interface Standard)
   * Component: CORE Version: 5.4.0

Package Vendor: Keil
                http://www.keil.com/pack/Keil.STM32F4xx_DFP.2.15.0.pack
                Keil.STM32F4xx_DFP.2.15.0
                STMicroelectronics STM32F4 Series Device Support, Drivers and Examples
   * Component: Startup Version: 2.6.3

<h2>Collection of Component include folders:</h2>
  .\RTE\_Target_1
  E:\Keil_Packs\ARM\CMSIS\5.7.0\CMSIS\Core\Include
  E:\Keil_Packs\Keil\STM32F4xx_DFP\2.15.0\Drivers\CMSIS\Device\ST\STM32F4xx\Include

<h2>Collection of Component Files used:</h2>

   * Component: ARM::CMSIS:CORE:5.4.0

   * Component: Keil::Device:Startup:2.6.3
      Source file:   MDK\Device\Source\ARM\STM32F4xx_OTP.s
      Source file:   MDK\Device\Source\ARM\STM32F42xxx_43xxx_OPT.s
      Include file:  Drivers\CMSIS\Device\ST\STM32F4xx\Include\stm32f4xx.h
      Source file:   Drivers\CMSIS\Device\ST\STM32F4xx\Source\Templates\arm\startup_stm32f429xx.s
      Source file:   Drivers\CMSIS\Device\ST\STM32F4xx\Source\Templates\system_stm32f4xx.c
Build Time Elapsed:  00:00:02
</pre>
</body>
</html>
