<html>
<body>
<pre>
<h1>µVision Build Log</h1>
<h2>Tool Versions:</h2>
IDE-Version: µVision V5.35.0.0
Copyright (C) 2021 ARM Ltd and ARM Germany GmbH. All rights reserved.
License Information: Abdelrahman Magdy, valeu, LIC=----
 
Tool Versions:
Toolchain:       MDK-Lite  Version: 5.35.0.2
Toolchain Path:  C:\Keil_v5\ARM\ARMCLANG\Bin
C Compiler:      ArmClang.exe V6.16
Assembler:       Armasm.exe V6.16
Linker/Locator:  ArmLink.exe V6.16
Library Manager: ArmAr.exe V6.16
Hex Converter:   FromElf.exe V6.16
CPU DLL:         SARMCM3.DLL V5.35.0.2
Dialog DLL:      DCM.DLL V1.17.3.0
Target DLL:      UL2CM3.DLL V1.164.0.0
Dialog DLL:      TCM.DLL V1.53.0.0
 
<h2>Project:</h2>
H:\Embedded_Abdelrahman_Magdy\01_ARM\06_Mina\STM32F429ZITx\01_MCAL\06_SPI\SPI.uvprojx
Project File Date:  06/29/2021

<h2>Output:</h2>
*** Using Compiler 'V6.16', folder: 'C:\Keil_v5\ARM\ARMCLANG\Bin'
Rebuild target 'Target 1'
compiling main.c...
assembling startup_stm32f429xx.s...
compiling system_stm32f4xx.c...
SPI_program.c(157): warning: implicit conversion changes signedness: 'int' to 'unsigned long' [-Wsign-conversion]
                        SPI1_CR1|=(Copy_u8BaudRate<<3U);
                                ~~ ~~~~~~~~~~~~~~~^~~~
SPI_program.c(263): warning: implicit conversion changes signedness: 'int' to 'unsigned long' [-Wsign-conversion]
                        SPI2_CR1|=(Copy_u8BaudRate<<3U);
                                ~~ ~~~~~~~~~~~~~~~^~~~
SPI_program.c(367): warning: implicit conversion changes signedness: 'int' to 'unsigned long' [-Wsign-conversion]
                        SPI3_CR1|=(Copy_u8BaudRate<<3U);
                                ~~ ~~~~~~~~~~~~~~~^~~~
SPI_program.c(470): warning: implicit conversion changes signedness: 'int' to 'unsigned long' [-Wsign-conversion]
                        SPI4_CR1|=(Copy_u8BaudRate<<3U);
                                ~~ ~~~~~~~~~~~~~~~^~~~
SPI_program.c(573): warning: implicit conversion changes signedness: 'int' to 'unsigned long' [-Wsign-conversion]
                        SPI5_CR1|=(Copy_u8BaudRate<<3U);
                                ~~ ~~~~~~~~~~~~~~~^~~~
SPI_program.c(676): warning: implicit conversion changes signedness: 'int' to 'unsigned long' [-Wsign-conversion]
                        SPI6_CR1|=(Copy_u8BaudRate<<3U);
                                ~~ ~~~~~~~~~~~~~~~^~~~
SPI_program.c(760): warning: implicit conversion loses integer precision: 'volatile u32' (aka 'volatile unsigned long') to 'u8' (aka 'unsigned char') [-Wimplicit-int-conversion]
        return(SPI1_DR);
        ~~~~~~ ^~~~~~~
./SPI_private.h(55): note: expanded from macro 'SPI1_DR'
#define SPI1_DR                                                    (*((volatile u32*) (SPI1_Base_Address+0x0C)))        
                                                                    ^~~~~~~~~~~~~~~~~~~~~~~~~~~~~~~~~~~~~~~~~~~
SPI_program.c(773): warning: implicit conversion loses integer precision: 'volatile u32' (aka 'volatile unsigned long') to 'u8' (aka 'unsigned char') [-Wimplicit-int-conversion]
        return(SPI2_DR);
        ~~~~~~ ^~~~~~~
./SPI_private.h(71): note: expanded from macro 'SPI2_DR'
#define SPI2_DR                                                    (*((volatile u32*) (SPI2_Base_Address+0x0C)))        
                                                                    ^~~~~~~~~~~~~~~~~~~~~~~~~~~~~~~~~~~~~~~~~~~
SPI_program.c(786): warning: implicit conversion loses integer precision: 'volatile u32' (aka 'volatile unsigned long') to 'u8' (aka 'unsigned char') [-Wimplicit-int-conversion]
        return(SPI3_DR);
        ~~~~~~ ^~~~~~~
./SPI_private.h(87): note: expanded from macro 'SPI3_DR'
#define SPI3_DR                                                    (*((volatile u32*) (SPI3_Base_Address+0x0C)))        
                                                                    ^~~~~~~~~~~~~~~~~~~~~~~~~~~~~~~~~~~~~~~~~~~
SPI_program.c(799): warning: implicit conversion loses integer precision: 'volatile u32' (aka 'volatile unsigned long') to 'u8' (aka 'unsigned char') [-Wimplicit-int-conversion]
        return(SPI4_DR);
        ~~~~~~ ^~~~~~~
./SPI_private.h(104): note: expanded from macro 'SPI4_DR'
#define SPI4_DR                                                    (*((volatile u32*) (SPI4_Base_Address+0x0C)))        
                                                                    ^~~~~~~~~~~~~~~~~~~~~~~~~~~~~~~~~~~~~~~~~~~
SPI_program.c(812): warning: implicit conversion loses integer precision: 'volatile u32' (aka 'volatile unsigned long') to 'u8' (aka 'unsigned char') [-Wimplicit-int-conversion]
        return(SPI5_DR);
        ~~~~~~ ^~~~~~~
./SPI_private.h(120): note: expanded from macro 'SPI5_DR'
#define SPI5_DR                                                    (*((volatile u32*) (SPI5_Base_Address+0x0C)))        
                                                                    ^~~~~~~~~~~~~~~~~~~~~~~~~~~~~~~~~~~~~~~~~~~
SPI_program.c(825): warning: implicit conversion loses integer precision: 'volatile u32' (aka 'volatile unsigned long') to 'u8' (aka 'unsigned char') [-Wimplicit-int-conversion]
        return(SPI6_DR);
        ~~~~~~ ^~~~~~~
./SPI_private.h(136): note: expanded from macro 'SPI6_DR'
#define SPI6_DR                                                    (*((volatile u32*) (SPI6_Base_Address+0x0C)))        
                                                                    ^~~~~~~~~~~~~~~~~~~~~~~~~~~~~~~~~~~~~~~~~~~
SPI_program.c(832): warning: non-void function does not return a value in all control paths [-Wreturn-type]
}
^
SPI_program.c(826): warning: 'break' will never be executed [-Wunreachable-code-break]
        break ;
        ^~~~~
SPI_program.c(813): warning: 'break' will never be executed [-Wunreachable-code-break]
        break ;
        ^~~~~
SPI_program.c(800): warning: 'break' will never be executed [-Wunreachable-code-break]
        break ;
        ^~~~~
SPI_program.c(787): warning: 'break' will never be executed [-Wunreachable-code-break]
        break ;
        ^~~~~
SPI_program.c(774): warning: 'break' will never be executed [-Wunreachable-code-break]
        break ;
        ^~~~~
SPI_program.c(761): warning: 'break' will never be executed [-Wunreachable-code-break]
        break ;
        ^~~~~
SPI_program.c(862): warning: implicit conversion loses integer precision: 'volatile u32' (aka 'volatile unsigned long') to 'u8' (aka 'unsigned char') [-Wimplicit-int-conversion]
                        Copy_u8DataIn[Local_u8Index]=SPI1_DR;
                                                    ~^~~~~~~
./SPI_private.h(55): note: expanded from macro 'SPI1_DR'
#define SPI1_DR                                                    (*((volatile u32*) (SPI1_Base_Address+0x0C)))        
                                                                    ^~~~~~~~~~~~~~~~~~~~~~~~~~~~~~~~~~~~~~~~~~~
SPI_program.c(878): warning: implicit conversion loses integer precision: 'volatile u32' (aka 'volatile unsigned long') to 'u8' (aka 'unsigned char') [-Wimplicit-int-conversion]
                        Copy_u8DataIn[Local_u8Index]=SPI2_DR;
                                                    ~^~~~~~~
./SPI_private.h(71): note: expanded from macro 'SPI2_DR'
#define SPI2_DR                                                    (*((volatile u32*) (SPI2_Base_Address+0x0C)))        
                                                                    ^~~~~~~~~~~~~~~~~~~~~~~~~~~~~~~~~~~~~~~~~~~
SPI_program.c(894): warning: implicit conversion loses integer precision: 'volatile u32' (aka 'volatile unsigned long') to 'u8' (aka 'unsigned char') [-Wimplicit-int-conversion]
                        Copy_u8DataIn[Local_u8Index]=SPI3_DR;
                                                    ~^~~~~~~
./SPI_private.h(87): note: expanded from macro 'SPI3_DR'
#define SPI3_DR                                                    (*((volatile u32*) (SPI3_Base_Address+0x0C)))        
                                                                    ^~~~~~~~~~~~~~~~~~~~~~~~~~~~~~~~~~~~~~~~~~~
SPI_program.c(910): warning: implicit conversion loses integer precision: 'volatile u32' (aka 'volatile unsigned long') to 'u8' (aka 'unsigned char') [-Wimplicit-int-conversion]
                        Copy_u8DataIn[Local_u8Index]=SPI4_DR;
                                                    ~^~~~~~~
./SPI_private.h(104): note: expanded from macro 'SPI4_DR'
#define SPI4_DR                                                    (*((volatile u32*) (SPI4_Base_Address+0x0C)))        
                                                                    ^~~~~~~~~~~~~~~~~~~~~~~~~~~~~~~~~~~~~~~~~~~
SPI_program.c(926): warning: implicit conversion loses integer precision: 'volatile u32' (aka 'volatile unsigned long') to 'u8' (aka 'unsigned char') [-Wimplicit-int-conversion]
                        Copy_u8DataIn[Local_u8Index]=SPI5_DR;
                                                    ~^~~~~~~
./SPI_private.h(120): note: expanded from macro 'SPI5_DR'
#define SPI5_DR                                                    (*((volatile u32*) (SPI5_Base_Address+0x0C)))        
                                                                    ^~~~~~~~~~~~~~~~~~~~~~~~~~~~~~~~~~~~~~~~~~~
SPI_program.c(942): warning: implicit conversion loses integer precision: 'volatile u32' (aka 'volatile unsigned long') to 'u8' (aka 'unsigned char') [-Wimplicit-int-conversion]
                        Copy_u8DataIn[Local_u8Index]=SPI6_DR;
                                                    ~^~~~~~~
./SPI_private.h(136): note: expanded from macro 'SPI6_DR'
#define SPI6_DR                                                    (*((volatile u32*) (SPI6_Base_Address+0x0C)))        
                                                                    ^~~~~~~~~~~~~~~~~~~~~~~~~~~~~~~~~~~~~~~~~~~
25 warnings generated.
compiling SPI_program.c...
linking...
Program Size: Code=380 RO-data=444 RW-data=0 ZI-data=1632  
".\Objects\SPI.axf" - 0 Error(s), 25 Warning(s).

<h2>Software Packages used:</h2>

Package Vendor: ARM
                http://www.keil.com/pack/ARM.CMSIS.5.8.0.pack
                ARM.CMSIS.5.8.0
                CMSIS (Common Microcontroller Software Interface Standard)
   * Component: CORE Version: 5.5.0

Package Vendor: Keil
                http://www.keil.com/pack/Keil.STM32F4xx_DFP.2.15.0.pack
                Keil.STM32F4xx_DFP.2.15.0
                STMicroelectronics STM32F4 Series Device Support, Drivers and Examples
   * Component: Startup Version: 2.6.3

<h2>Collection of Component include folders:</h2>
  .\RTE\_Target_1
  C:\Users\Pro\AppData\Local\Arm\Packs\ARM\CMSIS\5.8.0\CMSIS\Core\Include
  C:\Users\Pro\AppData\Local\Arm\Packs\Keil\STM32F4xx_DFP\2.15.0\Drivers\CMSIS\Device\ST\STM32F4xx\Include

<h2>Collection of Component Files used:</h2>

   * Component: ARM::CMSIS:CORE:5.5.0

   * Component: Keil::Device:Startup:2.6.3
      Source file:   MDK\Device\Source\ARM\STM32F4xx_OTP.s
      Include file:  Drivers\CMSIS\Device\ST\STM32F4xx\Include\stm32f4xx.h
      Source file:   MDK\Device\Source\ARM\STM32F42xxx_43xxx_OPT.s
      Source file:   Drivers\CMSIS\Device\ST\STM32F4xx\Source\Templates\arm\startup_stm32f429xx.s
      Source file:   Drivers\CMSIS\Device\ST\STM32F4xx\Source\Templates\system_stm32f4xx.c
Build Time Elapsed:  00:00:01
</pre>
</body>
</html>
