<html>
<body>
<pre>
<h1>µVision Build Log</h1>
<h2>Tool Versions:</h2>
IDE-Version: µVision V5.34.0.0
Copyright (C) 2021 ARM Ltd and ARM Germany GmbH. All rights reserved.
License Information: Abdelrahman Magdy, Value, LIC=----
 
Tool Versions:
Toolchain:       MDK-Lite  Version: 5.34.0.0
Toolchain Path:  E:\Keil_Packs\ARM\ARMCLANG\Bin
C Compiler:      ArmClang.exe V6.16
Assembler:       Armasm.exe V6.16
Linker/Locator:  ArmLink.exe V6.16
Library Manager: ArmAr.exe V6.16
Hex Converter:   FromElf.exe V6.16
CPU DLL:         SARMCM3.DLL V5.34.0.0
Dialog DLL:      DCM.DLL V1.17.3.0
Target DLL:      UL2CM3.DLL V1.163.9.0
Dialog DLL:      TCM.DLL V1.48.0.0
 
<h2>Project:</h2>
E:\Embedded_Abdelrahman_Magdy\01_ARM\06_Mina\STM32F429ZITx\01_MCAL\03_NVIC\NVIC_Driver.uvprojx
Project File Date:  05/24/2021

<h2>Output:</h2>
*** Using Compiler 'V6.16', folder: 'E:\Keil_Packs\ARM\ARMCLANG\Bin'
Rebuild target 'app'
compiling main.c...
assembling startup_stm32f429xx.s...
compiling system_stm32f4xx.c...
NVIC_program.c(164): warning: implicit conversion loses integer precision: 'unsigned long' to 'u8' (aka 'unsigned char') [-Wimplicit-int-conversion]
          Local_u8ActiveState= NVIC_IABR0 &(1<<Copy_u8IntNum);  
                             ~ ~~~~~~~~~~~^~~~~~~~~~~~~~~~~~~
NVIC_program.c(170): warning: implicit conversion loses integer precision: 'unsigned long' to 'u8' (aka 'unsigned char') [-Wimplicit-int-conversion]
                Local_u8ActiveState= NVIC_IABR0 &(1<<Copy_u8IntNum); 
                                   ~ ~~~~~~~~~~~^~~~~~~~~~~~~~~~~~~
NVIC_program.c(176): warning: implicit conversion loses integer precision: 'unsigned long' to 'u8' (aka 'unsigned char') [-Wimplicit-int-conversion]
                Local_u8ActiveState= NVIC_IABR0 &(1<<Copy_u8IntNum); 
                                   ~ ~~~~~~~~~~~^~~~~~~~~~~~~~~~~~~
NVIC_program.c(199): warning: implicit conversion loses integer precision: 'int' to 'u8' (aka 'unsigned char') [-Wimplicit-int-conversion]
                                                NVIC_IPR[Copy_u8IntNum]= (Copy_u8GroupPriority<<4U);             
                                                                       ~  ~~~~~~~~~~~~~~~~~~~~^~~~
NVIC_program.c(205): warning: implicit conversion loses integer precision: 'int' to 'u8' (aka 'unsigned char') [-Wimplicit-int-conversion]
                                                NVIC_IPR[Copy_u8IntNum]=(Copy_u8GroupPriority<<5U)|(Copy_u8SubGroupPriority << 4U)      ;                                                                        
                                                                       ~~~~~~~~~~~~~~~~~~~~~~~~~~~^~~~~~~~~~~~~~~~~~~~~~~~~~~~~~~~
NVIC_program.c(211): warning: implicit conversion loses integer precision: 'int' to 'u8' (aka 'unsigned char') [-Wimplicit-int-conversion]
                                                        NVIC_IPR[Copy_u8IntNum]=(Copy_u8GroupPriority<<6U)|(Copy_u8SubGroupPriority << 4U)      ;                                                                                                        
                                                                               ~~~~~~~~~~~~~~~~~~~~~~~~~~~^~~~~~~~~~~~~~~~~~~~~~~~~~~~~~~~
NVIC_program.c(217): warning: implicit conversion loses integer precision: 'int' to 'u8' (aka 'unsigned char') [-Wimplicit-int-conversion]
                                                NVIC_IPR[Copy_u8IntNum]=(Copy_u8GroupPriority<<7U)|(Copy_u8SubGroupPriority << 4U)      ;
                                                                       ~~~~~~~~~~~~~~~~~~~~~~~~~~~^~~~~~~~~~~~~~~~~~~~~~~~~~~~~~~~
NVIC_program.c(223): warning: implicit conversion loses integer precision: 'int' to 'u8' (aka 'unsigned char') [-Wimplicit-int-conversion]
                                                NVIC_IPR[Copy_u8IntNum]=(Copy_u8SubGroupPriority << 4U) ;
                                                                       ~ ~~~~~~~~~~~~~~~~~~~~~~~~^~~~~
8 warnings generated.
compiling NVIC_program.c...
linking...
Program Size: Code=380 RO-data=444 RW-data=0 ZI-data=1632  
".\Objects\NVIC_Driver.axf" - 0 Error(s), 8 Warning(s).

<h2>Software Packages used:</h2>

Package Vendor: ARM
                http://www.keil.com/pack/ARM.CMSIS.5.7.0.pack
                ARM.CMSIS.5.7.0
                CMSIS (Cortex Microcontroller Software Interface Standard)
   * Component: CORE Version: 5.4.0

Package Vendor: Keil
                http://www.keil.com/pack/Keil.STM32F4xx_DFP.2.15.0.pack
                Keil.STM32F4xx_DFP.2.15.0
                STMicroelectronics STM32F4 Series Device Support, Drivers and Examples
   * Component: Startup Version: 2.6.3

<h2>Collection of Component include folders:</h2>
  .\RTE\_app
  E:\Keil_Packs\ARM\CMSIS\5.7.0\CMSIS\Core\Include
  E:\Keil_Packs\Keil\STM32F4xx_DFP\2.15.0\Drivers\CMSIS\Device\ST\STM32F4xx\Include

<h2>Collection of Component Files used:</h2>

   * Component: ARM::CMSIS:CORE:5.4.0

   * Component: Keil::Device:Startup:2.6.3
      Include file:  Drivers\CMSIS\Device\ST\STM32F4xx\Include\stm32f4xx.h
      Source file:   MDK\Device\Source\ARM\STM32F4xx_OTP.s
      Source file:   MDK\Device\Source\ARM\STM32F42xxx_43xxx_OPT.s
      Source file:   Drivers\CMSIS\Device\ST\STM32F4xx\Source\Templates\arm\startup_stm32f429xx.s
      Source file:   Drivers\CMSIS\Device\ST\STM32F4xx\Source\Templates\system_stm32f4xx.c
Build Time Elapsed:  00:00:01
</pre>
</body>
</html>
