<html>
<body>
<pre>
<h1>µVision Build Log</h1>
<h2>Tool Versions:</h2>
IDE-Version: µVision V5.34.0.0
Copyright (C) 2021 ARM Ltd and ARM Germany GmbH. All rights reserved.
License Information: Abdelrahman Magdy, Value, LIC=----
 
Tool Versions:
Toolchain:       MDK-Lite  Version: 5.34.0.0
Toolchain Path:  E:\Keil_Packs\ARM\ARMCLANG\Bin
C Compiler:      ArmClang.exe V6.16
Assembler:       Armasm.exe V6.16
Linker/Locator:  ArmLink.exe V6.16
Library Manager: ArmAr.exe V6.16
Hex Converter:   FromElf.exe V6.16
CPU DLL:         SARMCM3.DLL V5.34.0.0
Dialog DLL:      DCM.DLL V1.17.3.0
Target DLL:      STLink\ST-LINKIII-KEIL_SWO.dll V3.0.8.0
Dialog DLL:      TCM.DLL V1.48.0.0
 
<h2>Project:</h2>
E:\Embedded_Abdelrahman_Magdy\01_ARM\06_Mina\STM32F429ZITx\05_APP\00_LED\LED.uvprojx
Project File Date:  07/08/2021

<h2>Output:</h2>
*** Using Compiler 'V6.16', folder: 'E:\Keil_Packs\ARM\ARMCLANG\Bin'
Rebuild target 'Target 1'
compiling main.c...
compiling system_stm32f4xx.c...
assembling startup_stm32f429xx.s...
RCC_program.c(59): warning: implicit conversion changes signedness: 'int' to 'unsigned long' [-Wsign-conversion]
                                                CLR_BIT(RCC_CR   , 18) ;                // Disable Byp
                                                ^~~~~~~~~~~~~~~~~~~~~~
./BIT_MATH.h(16): note: expanded from macro 'CLR_BIT'
 #define CLR_BIT(REG , BITNUM) REG &= ~(1<<BITNUM)
                                   ~~ ^~~~~~~~~~~~
RCC_program.c(61): warning: implicit conversion changes signedness: 'int' to 'unsigned long' [-Wsign-conversion]
                                                CLR_BIT(RCC_CFGR , 1 ) ;                // System Clk  HSE
                                                ^~~~~~~~~~~~~~~~~~~~~~
./BIT_MATH.h(16): note: expanded from macro 'CLR_BIT'
 #define CLR_BIT(REG , BITNUM) REG &= ~(1<<BITNUM)
                                   ~~ ^~~~~~~~~~~~
RCC_program.c(68): warning: implicit conversion changes signedness: 'int' to 'unsigned long' [-Wsign-conversion]
                                                CLR_BIT(RCC_CFGR , 1 ) ;                                // System Clk  HSE
                                                ^~~~~~~~~~~~~~~~~~~~~~
./BIT_MATH.h(16): note: expanded from macro 'CLR_BIT'
 #define CLR_BIT(REG , BITNUM) REG &= ~(1<<BITNUM)
                                   ~~ ^~~~~~~~~~~~
RCC_program.c(71): warning: default label in switch which covers all enumeration values [-Wcovered-switch-default]
                                        default         :  
                                        ^
RCC_program.c(81): warning: implicit conversion changes signedness: 'int' to 'unsigned long' [-Wsign-conversion]
                                CLR_BIT(RCC_CFGR , 0   ) ;                                       // System Clk  HSI
                                ^~~~~~~~~~~~~~~~~~~~~~~~
./BIT_MATH.h(16): note: expanded from macro 'CLR_BIT'
 #define CLR_BIT(REG , BITNUM) REG &= ~(1<<BITNUM)
                                   ~~ ^~~~~~~~~~~~
RCC_program.c(82): warning: implicit conversion changes signedness: 'int' to 'unsigned long' [-Wsign-conversion]
                                CLR_BIT(RCC_CFGR , 1   ) ;                                       // System Clk  HSI
                                ^~~~~~~~~~~~~~~~~~~~~~~~
./BIT_MATH.h(16): note: expanded from macro 'CLR_BIT'
 #define CLR_BIT(REG , BITNUM) REG &= ~(1<<BITNUM)
                                   ~~ ^~~~~~~~~~~~
RCC_program.c(94): warning: implicit conversion changes signedness: 'int' to 'unsigned long' [-Wsign-conversion]
                                                         CLR_BIT(RCC_CFGR , 0 ) ;                                       // System Clk  PLL
                                                         ^~~~~~~~~~~~~~~~~~~~~~
./BIT_MATH.h(16): note: expanded from macro 'CLR_BIT'
 #define CLR_BIT(REG , BITNUM) REG &= ~(1<<BITNUM)
                                   ~~ ^~~~~~~~~~~~
RCC_program.c(101): warning: implicit conversion changes signedness: 'int' to 'unsigned long' [-Wsign-conversion]
                                                         CLR_BIT(RCC_PLLCFGR ,22) ;                                       //  PLL From HSI
                                                         ^~~~~~~~~~~~~~~~~~~~~~~~
./BIT_MATH.h(16): note: expanded from macro 'CLR_BIT'
 #define CLR_BIT(REG , BITNUM) REG &= ~(1<<BITNUM)
                                   ~~ ^~~~~~~~~~~~
RCC_program.c(102): warning: implicit conversion changes signedness: 'int' to 'unsigned long' [-Wsign-conversion]
                                                         CLR_BIT(RCC_CFGR , 0 )   ;                                       // System Clk  PLL
                                                         ^~~~~~~~~~~~~~~~~~~~~~
./BIT_MATH.h(16): note: expanded from macro 'CLR_BIT'
 #define CLR_BIT(REG , BITNUM) REG &= ~(1<<BITNUM)
                                   ~~ ^~~~~~~~~~~~
RCC_program.c(107): warning: default label in switch which covers all enumeration values [-Wcovered-switch-default]
                                         default : 
                                         ^
RCC_program.c(114): warning: default label in switch which covers all enumeration values [-Wcovered-switch-default]
                        default         :  break;
                        ^
RCC_program.c(129): warning: implicit conversion changes signedness: 'int' to 'unsigned long' [-Wsign-conversion]
                        CLR_BIT(RCC_CFGR , 10) ;
                        ^~~~~~~~~~~~~~~~~~~~~~
./BIT_MATH.h(16): note: expanded from macro 'CLR_BIT'
 #define CLR_BIT(REG , BITNUM) REG &= ~(1<<BITNUM)
                                   ~~ ^~~~~~~~~~~~
RCC_program.c(130): warning: implicit conversion changes signedness: 'int' to 'unsigned long' [-Wsign-conversion]
                        CLR_BIT(RCC_CFGR , 11) ;
                        ^~~~~~~~~~~~~~~~~~~~~~
./BIT_MATH.h(16): note: expanded from macro 'CLR_BIT'
 #define CLR_BIT(REG , BITNUM) REG &= ~(1<<BITNUM)
                                   ~~ ^~~~~~~~~~~~
RCC_program.c(131): warning: implicit conversion changes signedness: 'int' to 'unsigned long' [-Wsign-conversion]
                        CLR_BIT(RCC_CFGR, 12) ;
                        ^~~~~~~~~~~~~~~~~~~~~
./BIT_MATH.h(16): note: expanded from macro 'CLR_BIT'
 #define CLR_BIT(REG , BITNUM) REG &= ~(1<<BITNUM)
                                   ~~ ^~~~~~~~~~~~
RCC_program.c(134): warning: implicit conversion changes signedness: 'int' to 'unsigned long' [-Wsign-conversion]
                        CLR_BIT(RCC_CFGR , 10) ;
                        ^~~~~~~~~~~~~~~~~~~~~~
./BIT_MATH.h(16): note: expanded from macro 'CLR_BIT'
 #define CLR_BIT(REG , BITNUM) REG &= ~(1<<BITNUM)
                                   ~~ ^~~~~~~~~~~~
RCC_program.c(135): warning: implicit conversion changes signedness: 'int' to 'unsigned long' [-Wsign-conversion]
                        CLR_BIT(RCC_CFGR , 11) ;
                        ^~~~~~~~~~~~~~~~~~~~~~
./BIT_MATH.h(16): note: expanded from macro 'CLR_BIT'
 #define CLR_BIT(REG , BITNUM) REG &= ~(1<<BITNUM)
                                   ~~ ^~~~~~~~~~~~
RCC_program.c(140): warning: implicit conversion changes signedness: 'int' to 'unsigned long' [-Wsign-conversion]
                        CLR_BIT(RCC_CFGR , 11) ;
                        ^~~~~~~~~~~~~~~~~~~~~~
./BIT_MATH.h(16): note: expanded from macro 'CLR_BIT'
 #define CLR_BIT(REG , BITNUM) REG &= ~(1<<BITNUM)
                                   ~~ ^~~~~~~~~~~~
RCC_program.c(144): warning: implicit conversion changes signedness: 'int' to 'unsigned long' [-Wsign-conversion]
                        CLR_BIT(RCC_CFGR , 10) ;
                        ^~~~~~~~~~~~~~~~~~~~~~
./BIT_MATH.h(16): note: expanded from macro 'CLR_BIT'
 #define CLR_BIT(REG , BITNUM) REG &= ~(1<<BITNUM)
                                   ~~ ^~~~~~~~~~~~
RCC_program.c(153): warning: default label in switch which covers all enumeration values [-Wcovered-switch-default]
                default: break;
                ^
RCC_program.c(170): warning: implicit conversion changes signedness: 'int' to 'unsigned long' [-Wsign-conversion]
                                CLR_BIT(RCC_CFGR , 13) ;
                                ^~~~~~~~~~~~~~~~~~~~~~
./BIT_MATH.h(16): note: expanded from macro 'CLR_BIT'
 #define CLR_BIT(REG , BITNUM) REG &= ~(1<<BITNUM)
                                   ~~ ^~~~~~~~~~~~
RCC_program.c(171): warning: implicit conversion changes signedness: 'int' to 'unsigned long' [-Wsign-conversion]
                                CLR_BIT(RCC_CFGR , 14) ;
                                ^~~~~~~~~~~~~~~~~~~~~~
./BIT_MATH.h(16): note: expanded from macro 'CLR_BIT'
 #define CLR_BIT(REG , BITNUM) REG &= ~(1<<BITNUM)
                                   ~~ ^~~~~~~~~~~~
RCC_program.c(172): warning: implicit conversion changes signedness: 'int' to 'unsigned long' [-Wsign-conversion]
                                CLR_BIT(RCC_CFGR , 15) ;
                                ^~~~~~~~~~~~~~~~~~~~~~
./BIT_MATH.h(16): note: expanded from macro 'CLR_BIT'
 #define CLR_BIT(REG , BITNUM) REG &= ~(1<<BITNUM)
                                   ~~ ^~~~~~~~~~~~
RCC_program.c(175): warning: implicit conversion changes signedness: 'int' to 'unsigned long' [-Wsign-conversion]
                                CLR_BIT(RCC_CFGR , 13) ;
                                ^~~~~~~~~~~~~~~~~~~~~~
./BIT_MATH.h(16): note: expanded from macro 'CLR_BIT'
 #define CLR_BIT(REG , BITNUM) REG &= ~(1<<BITNUM)
                                   ~~ ^~~~~~~~~~~~
RCC_program.c(176): warning: implicit conversion changes signedness: 'int' to 'unsigned long' [-Wsign-conversion]
                                CLR_BIT(RCC_CFGR , 14) ;
                                ^~~~~~~~~~~~~~~~~~~~~~
./BIT_MATH.h(16): note: expanded from macro 'CLR_BIT'
 #define CLR_BIT(REG , BITNUM) REG &= ~(1<<BITNUM)
                                   ~~ ^~~~~~~~~~~~
RCC_program.c(181): warning: implicit conversion changes signedness: 'int' to 'unsigned long' [-Wsign-conversion]
                                CLR_BIT(RCC_CFGR , 14) ;
                                ^~~~~~~~~~~~~~~~~~~~~~
./BIT_MATH.h(16): note: expanded from macro 'CLR_BIT'
 #define CLR_BIT(REG , BITNUM) REG &= ~(1<<BITNUM)
                                   ~~ ^~~~~~~~~~~~
RCC_program.c(185): warning: implicit conversion changes signedness: 'int' to 'unsigned long' [-Wsign-conversion]
                                CLR_BIT(RCC_CFGR , 13) ;
                                ^~~~~~~~~~~~~~~~~~~~~~
./BIT_MATH.h(16): note: expanded from macro 'CLR_BIT'
 #define CLR_BIT(REG , BITNUM) REG &= ~(1<<BITNUM)
                                   ~~ ^~~~~~~~~~~~
RCC_program.c(195): warning: default label in switch which covers all enumeration values [-Wcovered-switch-default]
                        default: break;
                        ^
RCC_program.c(218): warning: implicit conversion changes signedness: 'int' to 'unsigned long' [-Wsign-conversion]
                                                CLR_BIT(RCC_CFGR , 4 ) ;
                                                ^~~~~~~~~~~~~~~~~~~~~~
./BIT_MATH.h(16): note: expanded from macro 'CLR_BIT'
 #define CLR_BIT(REG , BITNUM) REG &= ~(1<<BITNUM)
                                   ~~ ^~~~~~~~~~~~
RCC_program.c(219): warning: implicit conversion changes signedness: 'int' to 'unsigned long' [-Wsign-conversion]
                                                CLR_BIT(RCC_CFGR , 5 ) ;
                                                ^~~~~~~~~~~~~~~~~~~~~~
./BIT_MATH.h(16): note: expanded from macro 'CLR_BIT'
 #define CLR_BIT(REG , BITNUM) REG &= ~(1<<BITNUM)
                                   ~~ ^~~~~~~~~~~~
RCC_program.c(220): warning: implicit conversion changes signedness: 'int' to 'unsigned long' [-Wsign-conversion]
                                                CLR_BIT(RCC_CFGR , 6 ) ;
                                                ^~~~~~~~~~~~~~~~~~~~~~
./BIT_MATH.h(16): note: expanded from macro 'CLR_BIT'
 #define CLR_BIT(REG , BITNUM) REG &= ~(1<<BITNUM)
                                   ~~ ^~~~~~~~~~~~
RCC_program.c(221): warning: implicit conversion changes signedness: 'int' to 'unsigned long' [-Wsign-conversion]
                                                CLR_BIT(RCC_CFGR , 7 ) ;
                                                ^~~~~~~~~~~~~~~~~~~~~~
./BIT_MATH.h(16): note: expanded from macro 'CLR_BIT'
 #define CLR_BIT(REG , BITNUM) REG &= ~(1<<BITNUM)
                                   ~~ ^~~~~~~~~~~~
RCC_program.c(225): warning: implicit conversion changes signedness: 'int' to 'unsigned long' [-Wsign-conversion]
                                                CLR_BIT(RCC_CFGR , 4 ) ;
                                                ^~~~~~~~~~~~~~~~~~~~~~
./BIT_MATH.h(16): note: expanded from macro 'CLR_BIT'
 #define CLR_BIT(REG , BITNUM) REG &= ~(1<<BITNUM)
                                   ~~ ^~~~~~~~~~~~
RCC_program.c(226): warning: implicit conversion changes signedness: 'int' to 'unsigned long' [-Wsign-conversion]
                                                CLR_BIT(RCC_CFGR , 5 ) ;
                                                ^~~~~~~~~~~~~~~~~~~~~~
./BIT_MATH.h(16): note: expanded from macro 'CLR_BIT'
 #define CLR_BIT(REG , BITNUM) REG &= ~(1<<BITNUM)
                                   ~~ ^~~~~~~~~~~~
RCC_program.c(227): warning: implicit conversion changes signedness: 'int' to 'unsigned long' [-Wsign-conversion]
                                                CLR_BIT(RCC_CFGR , 6 ) ;
                                                ^~~~~~~~~~~~~~~~~~~~~~
./BIT_MATH.h(16): note: expanded from macro 'CLR_BIT'
 #define CLR_BIT(REG , BITNUM) REG &= ~(1<<BITNUM)
                                   ~~ ^~~~~~~~~~~~
RCC_program.c(233): warning: implicit conversion changes signedness: 'int' to 'unsigned long' [-Wsign-conversion]
                                                CLR_BIT(RCC_CFGR , 5 ) ;
                                                ^~~~~~~~~~~~~~~~~~~~~~
./BIT_MATH.h(16): note: expanded from macro 'CLR_BIT'
 #define CLR_BIT(REG , BITNUM) REG &= ~(1<<BITNUM)
                                   ~~ ^~~~~~~~~~~~
RCC_program.c(234): warning: implicit conversion changes signedness: 'int' to 'unsigned long' [-Wsign-conversion]
                                                CLR_BIT(RCC_CFGR , 6 ) ;
                                                ^~~~~~~~~~~~~~~~~~~~~~
./BIT_MATH.h(16): note: expanded from macro 'CLR_BIT'
 #define CLR_BIT(REG , BITNUM) REG &= ~(1<<BITNUM)
                                   ~~ ^~~~~~~~~~~~
RCC_program.c(239): warning: implicit conversion changes signedness: 'int' to 'unsigned long' [-Wsign-conversion]
                                                CLR_BIT(RCC_CFGR , 4 ) ;
                                                ^~~~~~~~~~~~~~~~~~~~~~
./BIT_MATH.h(16): note: expanded from macro 'CLR_BIT'
 #define CLR_BIT(REG , BITNUM) REG &= ~(1<<BITNUM)
                                   ~~ ^~~~~~~~~~~~
RCC_program.c(241): warning: implicit conversion changes signedness: 'int' to 'unsigned long' [-Wsign-conversion]
                                                CLR_BIT(RCC_CFGR , 6 ) ;
                                                ^~~~~~~~~~~~~~~~~~~~~~
./BIT_MATH.h(16): note: expanded from macro 'CLR_BIT'
 #define CLR_BIT(REG , BITNUM) REG &= ~(1<<BITNUM)
                                   ~~ ^~~~~~~~~~~~
RCC_program.c(248): warning: implicit conversion changes signedness: 'int' to 'unsigned long' [-Wsign-conversion]
                                                CLR_BIT(RCC_CFGR , 6 ) ;
                                                ^~~~~~~~~~~~~~~~~~~~~~
./BIT_MATH.h(16): note: expanded from macro 'CLR_BIT'
 #define CLR_BIT(REG , BITNUM) REG &= ~(1<<BITNUM)
                                   ~~ ^~~~~~~~~~~~
RCC_program.c(253): warning: implicit conversion changes signedness: 'int' to 'unsigned long' [-Wsign-conversion]
                                                CLR_BIT(RCC_CFGR , 4 ) ;
                                                ^~~~~~~~~~~~~~~~~~~~~~
./BIT_MATH.h(16): note: expanded from macro 'CLR_BIT'
 #define CLR_BIT(REG , BITNUM) REG &= ~(1<<BITNUM)
                                   ~~ ^~~~~~~~~~~~
RCC_program.c(254): warning: implicit conversion changes signedness: 'int' to 'unsigned long' [-Wsign-conversion]
                                                CLR_BIT(RCC_CFGR , 5 ) ;
                                                ^~~~~~~~~~~~~~~~~~~~~~
./BIT_MATH.h(16): note: expanded from macro 'CLR_BIT'
 #define CLR_BIT(REG , BITNUM) REG &= ~(1<<BITNUM)
                                   ~~ ^~~~~~~~~~~~
RCC_program.c(260): warning: implicit conversion changes signedness: 'int' to 'unsigned long' [-Wsign-conversion]
                                                CLR_BIT(RCC_CFGR , 4 ) ;
                                                ^~~~~~~~~~~~~~~~~~~~~~
./BIT_MATH.h(16): note: expanded from macro 'CLR_BIT'
 #define CLR_BIT(REG , BITNUM) REG &= ~(1<<BITNUM)
                                   ~~ ^~~~~~~~~~~~
RCC_program.c(215): warning: enumeration values 'AHB_Pre32' and 'AHB_Pre256' not explicitly handled in switch [-Wswitch-enum]
                        switch (AHB_Prescaler)
                                ^
RCC_program.c(312): warning: default label in switch which covers all enumeration values [-Wcovered-switch-default]
                 default :
                 ^
44 warnings generated.
compiling RCC_program.c...
GPIO_program.c(25): warning: In file included from...
./GPIO_config.h(37): warning: no newline at end of file [-Wnewline-eof]
#endif /* GPIO_CONFIG_H_ */
                           ^
GPIO_program.c(57): warning: implicit conversion changes signedness: 'int' to 'unsigned long' [-Wsign-conversion]
                      case GPIOA: GPIOA_MODER |= (copy_u8MODE << (2*copy_u8PIN)); break;
                                              ~~  ~~~~~~~~~~~~^~~~~~~~~~~~~~~~~
GPIO_program.c(58): warning: implicit conversion changes signedness: 'int' to 'unsigned long' [-Wsign-conversion]
                                          case GPIOB: GPIOB_MODER |= (copy_u8MODE << (2*copy_u8PIN)); break;
                                                                  ~~  ~~~~~~~~~~~~^~~~~~~~~~~~~~~~~
GPIO_program.c(59): warning: implicit conversion changes signedness: 'int' to 'unsigned long' [-Wsign-conversion]
                                          case GPIOC: GPIOC_MODER |= (copy_u8MODE << (2*copy_u8PIN)); break;
                                                                  ~~  ~~~~~~~~~~~~^~~~~~~~~~~~~~~~~
GPIO_program.c(60): warning: implicit conversion changes signedness: 'int' to 'unsigned long' [-Wsign-conversion]
                                          case GPIOD: GPIOD_MODER |= (copy_u8MODE << (2*copy_u8PIN)); break;
                                                                  ~~  ~~~~~~~~~~~~^~~~~~~~~~~~~~~~~
GPIO_program.c(61): warning: implicit conversion changes signedness: 'int' to 'unsigned long' [-Wsign-conversion]
                                          case GPIOE: GPIOE_MODER |= (copy_u8MODE << (2*copy_u8PIN)); break;
                                                                  ~~  ~~~~~~~~~~~~^~~~~~~~~~~~~~~~~
GPIO_program.c(62): warning: implicit conversion changes signedness: 'int' to 'unsigned long' [-Wsign-conversion]
                                          case GPIOF: GPIOF_MODER |= (copy_u8MODE << (2*copy_u8PIN)); break;
                                                                  ~~  ~~~~~~~~~~~~^~~~~~~~~~~~~~~~~
GPIO_program.c(63): warning: implicit conversion changes signedness: 'int' to 'unsigned long' [-Wsign-conversion]
                                          case GPIOG: GPIOG_MODER |= (copy_u8MODE << (2*copy_u8PIN)); break;
                                                                  ~~  ~~~~~~~~~~~~^~~~~~~~~~~~~~~~~
GPIO_program.c(64): warning: implicit conversion changes signedness: 'int' to 'unsigned long' [-Wsign-conversion]
                                          case GPIOH: GPIOH_MODER |= (copy_u8MODE << (2*copy_u8PIN)); break;            
                                                                  ~~  ~~~~~~~~~~~~^~~~~~~~~~~~~~~~~
GPIO_program.c(85): warning: implicit conversion changes signedness: 'int' to 'unsigned long' [-Wsign-conversion]
                              case GPIOA: GPIOA_OTYPER |= (copy_u8Type << (copy_u8PIN)); break;
                                                       ~~  ~~~~~~~~~~~~^~~~~~~~~~~~~~~
GPIO_program.c(86): warning: implicit conversion changes signedness: 'int' to 'unsigned long' [-Wsign-conversion]
                                                case GPIOB: GPIOB_OTYPER |= (copy_u8Type << (copy_u8PIN)); break;
                                                                         ~~  ~~~~~~~~~~~~^~~~~~~~~~~~~~~
GPIO_program.c(87): warning: implicit conversion changes signedness: 'int' to 'unsigned long' [-Wsign-conversion]
                                                case GPIOC: GPIOC_OTYPER |= (copy_u8Type << (copy_u8PIN)); break;
                                                                         ~~  ~~~~~~~~~~~~^~~~~~~~~~~~~~~
GPIO_program.c(88): warning: implicit conversion changes signedness: 'int' to 'unsigned long' [-Wsign-conversion]
                                                case GPIOD: GPIOD_OTYPER |= (copy_u8Type << (copy_u8PIN)); break;
                                                                         ~~  ~~~~~~~~~~~~^~~~~~~~~~~~~~~
GPIO_program.c(89): warning: implicit conversion changes signedness: 'int' to 'unsigned long' [-Wsign-conversion]
                                                case GPIOE: GPIOE_OTYPER |= (copy_u8Type << (copy_u8PIN)); break;
                                                                         ~~  ~~~~~~~~~~~~^~~~~~~~~~~~~~~
GPIO_program.c(90): warning: implicit conversion changes signedness: 'int' to 'unsigned long' [-Wsign-conversion]
                                                case GPIOF: GPIOF_OTYPER |= (copy_u8Type << (copy_u8PIN)); break;
                                                                         ~~  ~~~~~~~~~~~~^~~~~~~~~~~~~~~
GPIO_program.c(91): warning: implicit conversion changes signedness: 'int' to 'unsigned long' [-Wsign-conversion]
                                                case GPIOG: GPIOG_OTYPER |= (copy_u8Type << (copy_u8PIN)); break;
                                                                         ~~  ~~~~~~~~~~~~^~~~~~~~~~~~~~~
GPIO_program.c(92): warning: implicit conversion changes signedness: 'int' to 'unsigned long' [-Wsign-conversion]
                                                case GPIOH: GPIOH_OTYPER |= (copy_u8Type << (copy_u8PIN)); break;               
                                                                         ~~  ~~~~~~~~~~~~^~~~~~~~~~~~~~~
GPIO_program.c(115): warning: implicit conversion changes signedness: 'int' to 'unsigned long' [-Wsign-conversion]
                              case GPIOA: GPIOA_OSPEEDR |= (copy_u8Speed << (2*copy_u8PIN)); break;
                                                        ~~  ~~~~~~~~~~~~~^~~~~~~~~~~~~~~~~
GPIO_program.c(116): warning: implicit conversion changes signedness: 'int' to 'unsigned long' [-Wsign-conversion]
                                                case GPIOB: GPIOB_OSPEEDR |= (copy_u8Speed << (2*copy_u8PIN)); break;
                                                                          ~~  ~~~~~~~~~~~~~^~~~~~~~~~~~~~~~~
GPIO_program.c(117): warning: implicit conversion changes signedness: 'int' to 'unsigned long' [-Wsign-conversion]
                                                case GPIOC: GPIOC_OSPEEDR |= (copy_u8Speed << (2*copy_u8PIN)); break;
                                                                          ~~  ~~~~~~~~~~~~~^~~~~~~~~~~~~~~~~
GPIO_program.c(118): warning: implicit conversion changes signedness: 'int' to 'unsigned long' [-Wsign-conversion]
                                                case GPIOD: GPIOD_OSPEEDR |= (copy_u8Speed << (2*copy_u8PIN)); break;
                                                                          ~~  ~~~~~~~~~~~~~^~~~~~~~~~~~~~~~~
GPIO_program.c(119): warning: implicit conversion changes signedness: 'int' to 'unsigned long' [-Wsign-conversion]
                                                case GPIOE: GPIOE_OSPEEDR |= (copy_u8Speed << (2*copy_u8PIN)); break;
                                                                          ~~  ~~~~~~~~~~~~~^~~~~~~~~~~~~~~~~
GPIO_program.c(120): warning: implicit conversion changes signedness: 'int' to 'unsigned long' [-Wsign-conversion]
                                                case GPIOF: GPIOF_OSPEEDR |= (copy_u8Speed << (2*copy_u8PIN)); break;
                                                                          ~~  ~~~~~~~~~~~~~^~~~~~~~~~~~~~~~~
GPIO_program.c(121): warning: implicit conversion changes signedness: 'int' to 'unsigned long' [-Wsign-conversion]
                                                case GPIOG: GPIOG_OSPEEDR |= (copy_u8Speed << (2*copy_u8PIN)); break;
                                                                          ~~  ~~~~~~~~~~~~~^~~~~~~~~~~~~~~~~
GPIO_program.c(122): warning: implicit conversion changes signedness: 'int' to 'unsigned long' [-Wsign-conversion]
                                                case GPIOH: GPIOH_OSPEEDR |= (copy_u8Speed << (2*copy_u8PIN)); break;           
                                                                          ~~  ~~~~~~~~~~~~~^~~~~~~~~~~~~~~~~
GPIO_program.c(144): warning: implicit conversion changes signedness: 'int' to 'unsigned long' [-Wsign-conversion]
                              case GPIOA: GPIOA_PUPDR |= (copy_u8PULL_TYPE << (2*copy_u8PIN)); break;
                                                      ~~  ~~~~~~~~~~~~~~~~~^~~~~~~~~~~~~~~~~
GPIO_program.c(145): warning: implicit conversion changes signedness: 'int' to 'unsigned long' [-Wsign-conversion]
                                                case GPIOB: GPIOB_PUPDR |= (copy_u8PULL_TYPE << (2*copy_u8PIN)); break;
                                                                        ~~  ~~~~~~~~~~~~~~~~~^~~~~~~~~~~~~~~~~
GPIO_program.c(146): warning: implicit conversion changes signedness: 'int' to 'unsigned long' [-Wsign-conversion]
                                                case GPIOC: GPIOC_PUPDR |= (copy_u8PULL_TYPE << (2*copy_u8PIN)); break;
                                                                        ~~  ~~~~~~~~~~~~~~~~~^~~~~~~~~~~~~~~~~
GPIO_program.c(147): warning: implicit conversion changes signedness: 'int' to 'unsigned long' [-Wsign-conversion]
                                                case GPIOD: GPIOD_PUPDR |= (copy_u8PULL_TYPE << (2*copy_u8PIN)); break;
                                                                        ~~  ~~~~~~~~~~~~~~~~~^~~~~~~~~~~~~~~~~
GPIO_program.c(148): warning: implicit conversion changes signedness: 'int' to 'unsigned long' [-Wsign-conversion]
                                                case GPIOE: GPIOE_PUPDR |= (copy_u8PULL_TYPE << (2*copy_u8PIN)); break;
                                                                        ~~  ~~~~~~~~~~~~~~~~~^~~~~~~~~~~~~~~~~
GPIO_program.c(149): warning: implicit conversion changes signedness: 'int' to 'unsigned long' [-Wsign-conversion]
                                                case GPIOF: GPIOF_PUPDR |= (copy_u8PULL_TYPE << (2*copy_u8PIN)); break;
                                                                        ~~  ~~~~~~~~~~~~~~~~~^~~~~~~~~~~~~~~~~
GPIO_program.c(150): warning: implicit conversion changes signedness: 'int' to 'unsigned long' [-Wsign-conversion]
                                                case GPIOG: GPIOG_PUPDR |= (copy_u8PULL_TYPE << (2*copy_u8PIN)); break;
                                                                        ~~  ~~~~~~~~~~~~~~~~~^~~~~~~~~~~~~~~~~
GPIO_program.c(151): warning: implicit conversion changes signedness: 'int' to 'unsigned long' [-Wsign-conversion]
                                                case GPIOH: GPIOH_PUPDR |= (copy_u8PULL_TYPE << (2*copy_u8PIN)); break;         
                                                                        ~~  ~~~~~~~~~~~~~~~~~^~~~~~~~~~~~~~~~~
GPIO_program.c(169): warning: implicit conversion loses integer precision: 'unsigned long' to 'u8' (aka 'unsigned char') [-Wimplicit-int-conversion]
                              case GPIOA: u8Local_Data = (GPIOA_IDR &(1U<<copy_u8PIN)); break;
                                                       ~  ~~~~~~~~~~^~~~~~~~~~~~~~~~~
GPIO_program.c(170): warning: implicit conversion loses integer precision: 'unsigned long' to 'u8' (aka 'unsigned char') [-Wimplicit-int-conversion]
                                                case GPIOB: u8Local_Data = (GPIOB_IDR &(1U<<copy_u8PIN)); break;
                                                                         ~  ~~~~~~~~~~^~~~~~~~~~~~~~~~~
GPIO_program.c(171): warning: implicit conversion loses integer precision: 'unsigned long' to 'u8' (aka 'unsigned char') [-Wimplicit-int-conversion]
                                                case GPIOC: u8Local_Data = (GPIOC_IDR &(1U<<copy_u8PIN)); break;
                                                                         ~  ~~~~~~~~~~^~~~~~~~~~~~~~~~~
GPIO_program.c(172): warning: implicit conversion loses integer precision: 'unsigned long' to 'u8' (aka 'unsigned char') [-Wimplicit-int-conversion]
                                                case GPIOD: u8Local_Data = (GPIOD_IDR &(1U<<copy_u8PIN)); break;
                                                                         ~  ~~~~~~~~~~^~~~~~~~~~~~~~~~~
GPIO_program.c(173): warning: implicit conversion loses integer precision: 'unsigned long' to 'u8' (aka 'unsigned char') [-Wimplicit-int-conversion]
                                                case GPIOE: u8Local_Data = (GPIOE_IDR &(1U<<copy_u8PIN)); break;
                                                                         ~  ~~~~~~~~~~^~~~~~~~~~~~~~~~~
GPIO_program.c(174): warning: implicit conversion loses integer precision: 'unsigned long' to 'u8' (aka 'unsigned char') [-Wimplicit-int-conversion]
                                                case GPIOF: u8Local_Data = (GPIOF_IDR &(1U<<copy_u8PIN)); break;
                                                                         ~  ~~~~~~~~~~^~~~~~~~~~~~~~~~~
GPIO_program.c(175): warning: implicit conversion loses integer precision: 'unsigned long' to 'u8' (aka 'unsigned char') [-Wimplicit-int-conversion]
                                                case GPIOG: u8Local_Data = (GPIOG_IDR &(1U<<copy_u8PIN)); break;
                                                                         ~  ~~~~~~~~~~^~~~~~~~~~~~~~~~~
GPIO_program.c(176): warning: implicit conversion loses integer precision: 'unsigned long' to 'u8' (aka 'unsigned char') [-Wimplicit-int-conversion]
                                                case GPIOH: u8Local_Data = (GPIOH_IDR &(1U<<copy_u8PIN)); break;                
                                                                         ~  ~~~~~~~~~~^~~~~~~~~~~~~~~~~
GPIO_program.c(302): warning: implicit conversion changes signedness: 'int' to 'unsigned long' [-Wsign-conversion]
                             case GPIOA: GPIOA_AFRL |= (copy_u8AlT << (4*copy_u8PIN)); break;
                                                    ~~  ~~~~~~~~~~~^~~~~~~~~~~~~~~~~
GPIO_program.c(303): warning: implicit conversion changes signedness: 'int' to 'unsigned long' [-Wsign-conversion]
                                         case GPIOB: GPIOB_AFRL |= (copy_u8AlT << (4*copy_u8PIN)); break;
                                                                ~~  ~~~~~~~~~~~^~~~~~~~~~~~~~~~~
GPIO_program.c(304): warning: implicit conversion changes signedness: 'int' to 'unsigned long' [-Wsign-conversion]
                                         case GPIOC: GPIOC_AFRL |= (copy_u8AlT << (4*copy_u8PIN)); break;
                                                                ~~  ~~~~~~~~~~~^~~~~~~~~~~~~~~~~
GPIO_program.c(305): warning: implicit conversion changes signedness: 'int' to 'unsigned long' [-Wsign-conversion]
                                         case GPIOD: GPIOD_AFRL |= (copy_u8AlT << (4*copy_u8PIN)); break;
                                                                ~~  ~~~~~~~~~~~^~~~~~~~~~~~~~~~~
GPIO_program.c(306): warning: implicit conversion changes signedness: 'int' to 'unsigned long' [-Wsign-conversion]
                                         case GPIOE: GPIOE_AFRL |= (copy_u8AlT << (4*copy_u8PIN)); break;
                                                                ~~  ~~~~~~~~~~~^~~~~~~~~~~~~~~~~
GPIO_program.c(307): warning: implicit conversion changes signedness: 'int' to 'unsigned long' [-Wsign-conversion]
                                         case GPIOF: GPIOF_AFRL |= (copy_u8AlT << (4*copy_u8PIN)); break;
                                                                ~~  ~~~~~~~~~~~^~~~~~~~~~~~~~~~~
GPIO_program.c(308): warning: implicit conversion changes signedness: 'int' to 'unsigned long' [-Wsign-conversion]
                                         case GPIOG: GPIOG_AFRL |= (copy_u8AlT << (4*copy_u8PIN)); break;
                                                                ~~  ~~~~~~~~~~~^~~~~~~~~~~~~~~~~
GPIO_program.c(309): warning: implicit conversion changes signedness: 'int' to 'unsigned long' [-Wsign-conversion]
                                         case GPIOH: GPIOH_AFRL |= (copy_u8AlT << (4*copy_u8PIN)); break;               
                                                                ~~  ~~~~~~~~~~~^~~~~~~~~~~~~~~~~
GPIO_program.c(319): warning: implicit conversion changes signedness: 'int' to 'unsigned long' [-Wsign-conversion]
                          case GPIOA: GPIOA_AFRH |= (copy_u8AlT << (4*(copy_u8PIN% 8))); break;
                                                 ~~  ~~~~~~~~~~~^~~~~~~~~~~~~~~~~~~~~~
GPIO_program.c(320): warning: implicit conversion changes signedness: 'int' to 'unsigned long' [-Wsign-conversion]
                                case GPIOB: GPIOB_AFRH |= (copy_u8AlT << (4*(copy_u8PIN% 8))); break;
                                                       ~~  ~~~~~~~~~~~^~~~~~~~~~~~~~~~~~~~~~
GPIO_program.c(321): warning: implicit conversion changes signedness: 'int' to 'unsigned long' [-Wsign-conversion]
                                case GPIOC: GPIOC_AFRH |= (copy_u8AlT << (4*(copy_u8PIN% 8))); break;
                                                       ~~  ~~~~~~~~~~~^~~~~~~~~~~~~~~~~~~~~~
GPIO_program.c(322): warning: implicit conversion changes signedness: 'int' to 'unsigned long' [-Wsign-conversion]
                                case GPIOD: GPIOD_AFRH |= (copy_u8AlT << (4*(copy_u8PIN% 8))); break;
                                                       ~~  ~~~~~~~~~~~^~~~~~~~~~~~~~~~~~~~~~
GPIO_program.c(323): warning: implicit conversion changes signedness: 'int' to 'unsigned long' [-Wsign-conversion]
                                case GPIOE: GPIOE_AFRH |= (copy_u8AlT << (4*(copy_u8PIN% 8))); break;
                                                       ~~  ~~~~~~~~~~~^~~~~~~~~~~~~~~~~~~~~~
GPIO_program.c(324): warning: implicit conversion changes signedness: 'int' to 'unsigned long' [-Wsign-conversion]
                                case GPIOF: GPIOF_AFRH |= (copy_u8AlT << (4*(copy_u8PIN% 8))); break;
                                                       ~~  ~~~~~~~~~~~^~~~~~~~~~~~~~~~~~~~~~
GPIO_program.c(325): warning: implicit conversion changes signedness: 'int' to 'unsigned long' [-Wsign-conversion]
                                case GPIOG: GPIOG_AFRH |= (copy_u8AlT << (4*(copy_u8PIN% 8))); break;
                                                       ~~  ~~~~~~~~~~~^~~~~~~~~~~~~~~~~~~~~~
GPIO_program.c(326): warning: implicit conversion changes signedness: 'int' to 'unsigned long' [-Wsign-conversion]
                                case GPIOH: GPIOH_AFRH |= (copy_u8AlT << (4*(copy_u8PIN% 8))); break;           
                                                       ~~  ~~~~~~~~~~~^~~~~~~~~~~~~~~~~~~~~~
GPIO_program.c(331): warning: no newline at end of file [-Wnewline-eof]
}
 ^
58 warnings generated.
compiling GPIO_program.c...
linking...
Program Size: Code=1108 RO-data=444 RW-data=0 ZI-data=1632  
".\Objects\LED.axf" - 0 Error(s), 102 Warning(s).

<h2>Software Packages used:</h2>

Package Vendor: ARM
                http://www.keil.com/pack/ARM.CMSIS.5.7.0.pack
                ARM.CMSIS.5.7.0
                CMSIS (Cortex Microcontroller Software Interface Standard)
   * Component: CORE Version: 5.4.0

Package Vendor: Keil
                http://www.keil.com/pack/Keil.STM32F4xx_DFP.2.15.0.pack
                Keil.STM32F4xx_DFP.2.15.0
                STMicroelectronics STM32F4 Series Device Support, Drivers and Examples
   * Component: Startup Version: 2.6.3

<h2>Collection of Component include folders:</h2>
  .\RTE\_Target_1
  E:\Keil_Packs\ARM\CMSIS\5.7.0\CMSIS\Core\Include
  E:\Keil_Packs\Keil\STM32F4xx_DFP\2.15.0\Drivers\CMSIS\Device\ST\STM32F4xx\Include

<h2>Collection of Component Files used:</h2>

   * Component: ARM::CMSIS:CORE:5.4.0

   * Component: Keil::Device:Startup:2.6.3
      Source file:   MDK\Device\Source\ARM\STM32F4xx_OTP.s
      Include file:  Drivers\CMSIS\Device\ST\STM32F4xx\Include\stm32f4xx.h
      Source file:   MDK\Device\Source\ARM\STM32F42xxx_43xxx_OPT.s
      Source file:   Drivers\CMSIS\Device\ST\STM32F4xx\Source\Templates\arm\startup_stm32f429xx.s
      Source file:   Drivers\CMSIS\Device\ST\STM32F4xx\Source\Templates\system_stm32f4xx.c
Build Time Elapsed:  00:00:02
</pre>
</body>
</html>
