<html>
<body>
<pre>
<h1>µVision Build Log</h1>
<h2>Tool Versions:</h2>
IDE-Version: µVision V5.35.0.0
Copyright (C) 2021 ARM Ltd and ARM Germany GmbH. All rights reserved.
License Information: Abdelrahman Magdy, valeu, LIC=----
 
Tool Versions:
Toolchain:       MDK-Lite  Version: 5.35.0.2
Toolchain Path:  C:\Keil_v5\ARM\ARMCLANG\Bin
C Compiler:      ArmClang.exe V6.16
Assembler:       Armasm.exe V6.16
Linker/Locator:  ArmLink.exe V6.16
Library Manager: ArmAr.exe V6.16
Hex Converter:   FromElf.exe V6.16
CPU DLL:         SARMCM3.DLL V5.35.0.2
Dialog DLL:      DCM.DLL V1.17.3.0
Target DLL:      STLink\ST-LINKIII-KEIL_SWO.dll V3.0.9.0
Dialog DLL:      TCM.DLL V1.53.0.0
 
<h2>Project:</h2>
H:\Embedded_Abdelrahman_Magdy\01_ARM\06_Mina\STM32F429ZITx\05_APP\00_LED\LED.uvprojx
Project File Date:  07/08/2021

<h2>Output:</h2>
*** Using Compiler 'V6.16', folder: 'C:\Keil_v5\ARM\ARMCLANG\Bin'
Rebuild target 'Target 1'
assembling startup_stm32f429xx.s...
compiling main.c...
RCC_program.c(59): warning: implicit conversion changes signedness: 'int' to 'unsigned long' [-Wsign-conversion]
                                                CLR_BIT(RCC_CR   , 18U) ;               // Disable Byp
                                                ^~~~~~~~~~~~~~~~~~~~~~~
./BIT_MATH.h(16): note: expanded from macro 'CLR_BIT'
 #define CLR_BIT(REG , BITNUM) REG &= ~(1<<BITNUM)
                                   ~~ ^~~~~~~~~~~~
RCC_program.c(61): warning: implicit conversion changes signedness: 'int' to 'unsigned long' [-Wsign-conversion]
                                                CLR_BIT(RCC_CFGR , 1U ) ;               // System Clk  HSE
                                                ^~~~~~~~~~~~~~~~~~~~~~~
./BIT_MATH.h(16): note: expanded from macro 'CLR_BIT'
 #define CLR_BIT(REG , BITNUM) REG &= ~(1<<BITNUM)
                                   ~~ ^~~~~~~~~~~~
RCC_program.c(68): warning: implicit conversion changes signedness: 'int' to 'unsigned long' [-Wsign-conversion]
                                                CLR_BIT(RCC_CFGR , 1U ) ;                               // System Clk  HSE
                                                ^~~~~~~~~~~~~~~~~~~~~~~
./BIT_MATH.h(16): note: expanded from macro 'CLR_BIT'
 #define CLR_BIT(REG , BITNUM) REG &= ~(1<<BITNUM)
                                   ~~ ^~~~~~~~~~~~
RCC_program.c(71): warning: default label in switch which covers all enumeration values [-Wcovered-switch-default]
                                        default         :  
                                        ^
RCC_program.c(81): warning: implicit conversion changes signedness: 'int' to 'unsigned long' [-Wsign-conversion]
                                CLR_BIT(RCC_CFGR , 0U   ) ;                                      // System Clk  HSI
                                ^~~~~~~~~~~~~~~~~~~~~~~~~
./BIT_MATH.h(16): note: expanded from macro 'CLR_BIT'
 #define CLR_BIT(REG , BITNUM) REG &= ~(1<<BITNUM)
                                   ~~ ^~~~~~~~~~~~
RCC_program.c(82): warning: implicit conversion changes signedness: 'int' to 'unsigned long' [-Wsign-conversion]
                                CLR_BIT(RCC_CFGR , 1U   ) ;                                      // System Clk  HSI
                                ^~~~~~~~~~~~~~~~~~~~~~~~~
./BIT_MATH.h(16): note: expanded from macro 'CLR_BIT'
 #define CLR_BIT(REG , BITNUM) REG &= ~(1<<BITNUM)
                                   ~~ ^~~~~~~~~~~~
RCC_program.c(94): warning: implicit conversion changes signedness: 'int' to 'unsigned long' [-Wsign-conversion]
                                                         CLR_BIT(RCC_CFGR , 0U ) ;                                      // System Clk  PLL
                                                         ^~~~~~~~~~~~~~~~~~~~~~~
./BIT_MATH.h(16): note: expanded from macro 'CLR_BIT'
 #define CLR_BIT(REG , BITNUM) REG &= ~(1<<BITNUM)
                                   ~~ ^~~~~~~~~~~~
RCC_program.c(101): warning: implicit conversion changes signedness: 'int' to 'unsigned long' [-Wsign-conversion]
                                                         CLR_BIT(RCC_PLLCFGR ,22U) ;                                      //  PLL From HSI
                                                         ^~~~~~~~~~~~~~~~~~~~~~~~~
./BIT_MATH.h(16): note: expanded from macro 'CLR_BIT'
 #define CLR_BIT(REG , BITNUM) REG &= ~(1<<BITNUM)
                                   ~~ ^~~~~~~~~~~~
RCC_program.c(102): warning: implicit conversion changes signedness: 'int' to 'unsigned long' [-Wsign-conversion]
                                                         CLR_BIT(RCC_CFGR , 0U )   ;                                      // System Clk  PLL
                                                         ^~~~~~~~~~~~~~~~~~~~~~~
./BIT_MATH.h(16): note: expanded from macro 'CLR_BIT'
 #define CLR_BIT(REG , BITNUM) REG &= ~(1<<BITNUM)
                                   ~~ ^~~~~~~~~~~~
RCC_program.c(107): warning: default label in switch which covers all enumeration values [-Wcovered-switch-default]
                                         default : 
                                         ^
RCC_program.c(114): warning: default label in switch which covers all enumeration values [-Wcovered-switch-default]
                        default         :  break;
                        ^
RCC_program.c(129): warning: implicit conversion changes signedness: 'int' to 'unsigned long' [-Wsign-conversion]
                        CLR_BIT(RCC_CFGR , 10U) ;
                        ^~~~~~~~~~~~~~~~~~~~~~~
./BIT_MATH.h(16): note: expanded from macro 'CLR_BIT'
 #define CLR_BIT(REG , BITNUM) REG &= ~(1<<BITNUM)
                                   ~~ ^~~~~~~~~~~~
RCC_program.c(130): warning: implicit conversion changes signedness: 'int' to 'unsigned long' [-Wsign-conversion]
                        CLR_BIT(RCC_CFGR , 11U) ;
                        ^~~~~~~~~~~~~~~~~~~~~~~
./BIT_MATH.h(16): note: expanded from macro 'CLR_BIT'
 #define CLR_BIT(REG , BITNUM) REG &= ~(1<<BITNUM)
                                   ~~ ^~~~~~~~~~~~
RCC_program.c(131): warning: implicit conversion changes signedness: 'int' to 'unsigned long' [-Wsign-conversion]
                        CLR_BIT(RCC_CFGR , 12U) ;
                        ^~~~~~~~~~~~~~~~~~~~~~~
./BIT_MATH.h(16): note: expanded from macro 'CLR_BIT'
 #define CLR_BIT(REG , BITNUM) REG &= ~(1<<BITNUM)
                                   ~~ ^~~~~~~~~~~~
RCC_program.c(134): warning: implicit conversion changes signedness: 'int' to 'unsigned long' [-Wsign-conversion]
                        CLR_BIT(RCC_CFGR , 10U) ;
                        ^~~~~~~~~~~~~~~~~~~~~~~
./BIT_MATH.h(16): note: expanded from macro 'CLR_BIT'
 #define CLR_BIT(REG , BITNUM) REG &= ~(1<<BITNUM)
                                   ~~ ^~~~~~~~~~~~
RCC_program.c(135): warning: implicit conversion changes signedness: 'int' to 'unsigned long' [-Wsign-conversion]
                        CLR_BIT(RCC_CFGR , 11U) ;
                        ^~~~~~~~~~~~~~~~~~~~~~~
./BIT_MATH.h(16): note: expanded from macro 'CLR_BIT'
 #define CLR_BIT(REG , BITNUM) REG &= ~(1<<BITNUM)
                                   ~~ ^~~~~~~~~~~~
RCC_program.c(140): warning: implicit conversion changes signedness: 'int' to 'unsigned long' [-Wsign-conversion]
                        CLR_BIT(RCC_CFGR , 11U) ;
                        ^~~~~~~~~~~~~~~~~~~~~~~
./BIT_MATH.h(16): note: expanded from macro 'CLR_BIT'
 #define CLR_BIT(REG , BITNUM) REG &= ~(1<<BITNUM)
                                   ~~ ^~~~~~~~~~~~
RCC_program.c(144): warning: implicit conversion changes signedness: 'int' to 'unsigned long' [-Wsign-conversion]
                        CLR_BIT(RCC_CFGR , 10U) ;
                        ^~~~~~~~~~~~~~~~~~~~~~~
./BIT_MATH.h(16): note: expanded from macro 'CLR_BIT'
 #define CLR_BIT(REG , BITNUM) REG &= ~(1<<BITNUM)
                                   ~~ ^~~~~~~~~~~~
RCC_program.c(153): warning: default label in switch which covers all enumeration values [-Wcovered-switch-default]
                default: break;
                ^
RCC_program.c(170): warning: implicit conversion changes signedness: 'int' to 'unsigned long' [-Wsign-conversion]
                                CLR_BIT(RCC_CFGR , 13U) ;
                                ^~~~~~~~~~~~~~~~~~~~~~~
./BIT_MATH.h(16): note: expanded from macro 'CLR_BIT'
 #define CLR_BIT(REG , BITNUM) REG &= ~(1<<BITNUM)
                                   ~~ ^~~~~~~~~~~~
RCC_program.c(171): warning: implicit conversion changes signedness: 'int' to 'unsigned long' [-Wsign-conversion]
                                CLR_BIT(RCC_CFGR , 14U) ;
                                ^~~~~~~~~~~~~~~~~~~~~~~
./BIT_MATH.h(16): note: expanded from macro 'CLR_BIT'
 #define CLR_BIT(REG , BITNUM) REG &= ~(1<<BITNUM)
                                   ~~ ^~~~~~~~~~~~
RCC_program.c(172): warning: implicit conversion changes signedness: 'int' to 'unsigned long' [-Wsign-conversion]
                                CLR_BIT(RCC_CFGR , 15U) ;
                                ^~~~~~~~~~~~~~~~~~~~~~~
./BIT_MATH.h(16): note: expanded from macro 'CLR_BIT'
 #define CLR_BIT(REG , BITNUM) REG &= ~(1<<BITNUM)
                                   ~~ ^~~~~~~~~~~~
RCC_program.c(175): warning: implicit conversion changes signedness: 'int' to 'unsigned long' [-Wsign-conversion]
                                CLR_BIT(RCC_CFGR , 13U) ;
                                ^~~~~~~~~~~~~~~~~~~~~~~
./BIT_MATH.h(16): note: expanded from macro 'CLR_BIT'
 #define CLR_BIT(REG , BITNUM) REG &= ~(1<<BITNUM)
                                   ~~ ^~~~~~~~~~~~
RCC_program.c(176): warning: implicit conversion changes signedness: 'int' to 'unsigned long' [-Wsign-conversion]
                                CLR_BIT(RCC_CFGR , 14U) ;
                                ^~~~~~~~~~~~~~~~~~~~~~~
./BIT_MATH.h(16): note: expanded from macro 'CLR_BIT'
 #define CLR_BIT(REG , BITNUM) REG &= ~(1<<BITNUM)
                                   ~~ ^~~~~~~~~~~~
RCC_program.c(181): warning: implicit conversion changes signedness: 'int' to 'unsigned long' [-Wsign-conversion]
                                CLR_BIT(RCC_CFGR , 14) ;
                                ^~~~~~~~~~~~~~~~~~~~~~
./BIT_MATH.h(16): note: expanded from macro 'CLR_BIT'
 #define CLR_BIT(REG , BITNUM) REG &= ~(1<<BITNUM)
                                   ~~ ^~~~~~~~~~~~
RCC_program.c(185): warning: implicit conversion changes signedness: 'int' to 'unsigned long' [-Wsign-conversion]
                                CLR_BIT(RCC_CFGR , 13U) ;
                                ^~~~~~~~~~~~~~~~~~~~~~~
./BIT_MATH.h(16): note: expanded from macro 'CLR_BIT'
 #define CLR_BIT(REG , BITNUM) REG &= ~(1<<BITNUM)
                                   ~~ ^~~~~~~~~~~~
RCC_program.c(195): warning: default label in switch which covers all enumeration values [-Wcovered-switch-default]
                        default: break;
                        ^
RCC_program.c(218): warning: implicit conversion changes signedness: 'int' to 'unsigned long' [-Wsign-conversion]
                                                CLR_BIT(RCC_CFGR , 4U ) ;
                                                ^~~~~~~~~~~~~~~~~~~~~~~
./BIT_MATH.h(16): note: expanded from macro 'CLR_BIT'
 #define CLR_BIT(REG , BITNUM) REG &= ~(1<<BITNUM)
                                   ~~ ^~~~~~~~~~~~
RCC_program.c(219): warning: implicit conversion changes signedness: 'int' to 'unsigned long' [-Wsign-conversion]
                                                CLR_BIT(RCC_CFGR , 5U ) ;
                                                ^~~~~~~~~~~~~~~~~~~~~~~
./BIT_MATH.h(16): note: expanded from macro 'CLR_BIT'
 #define CLR_BIT(REG , BITNUM) REG &= ~(1<<BITNUM)
                                   ~~ ^~~~~~~~~~~~
RCC_program.c(220): warning: implicit conversion changes signedness: 'int' to 'unsigned long' [-Wsign-conversion]
                                                CLR_BIT(RCC_CFGR , 6U ) ;
                                                ^~~~~~~~~~~~~~~~~~~~~~~
./BIT_MATH.h(16): note: expanded from macro 'CLR_BIT'
 #define CLR_BIT(REG , BITNUM) REG &= ~(1<<BITNUM)
                                   ~~ ^~~~~~~~~~~~
RCC_program.c(221): warning: implicit conversion changes signedness: 'int' to 'unsigned long' [-Wsign-conversion]
                                                CLR_BIT(RCC_CFGR , 7U ) ;
                                                ^~~~~~~~~~~~~~~~~~~~~~~
./BIT_MATH.h(16): note: expanded from macro 'CLR_BIT'
 #define CLR_BIT(REG , BITNUM) REG &= ~(1<<BITNUM)
                                   ~~ ^~~~~~~~~~~~
RCC_program.c(225): warning: implicit conversion changes signedness: 'int' to 'unsigned long' [-Wsign-conversion]
                                                CLR_BIT(RCC_CFGR , 4U ) ;
                                                ^~~~~~~~~~~~~~~~~~~~~~~
./BIT_MATH.h(16): note: expanded from macro 'CLR_BIT'
 #define CLR_BIT(REG , BITNUM) REG &= ~(1<<BITNUM)
                                   ~~ ^~~~~~~~~~~~
RCC_program.c(226): warning: implicit conversion changes signedness: 'int' to 'unsigned long' [-Wsign-conversion]
                                                CLR_BIT(RCC_CFGR , 5U ) ;
                                                ^~~~~~~~~~~~~~~~~~~~~~~
./BIT_MATH.h(16): note: expanded from macro 'CLR_BIT'
 #define CLR_BIT(REG , BITNUM) REG &= ~(1<<BITNUM)
                                   ~~ ^~~~~~~~~~~~
RCC_program.c(227): warning: implicit conversion changes signedness: 'int' to 'unsigned long' [-Wsign-conversion]
                                                CLR_BIT(RCC_CFGR , 6U ) ;
                                                ^~~~~~~~~~~~~~~~~~~~~~~
./BIT_MATH.h(16): note: expanded from macro 'CLR_BIT'
 #define CLR_BIT(REG , BITNUM) REG &= ~(1<<BITNUM)
                                   ~~ ^~~~~~~~~~~~
RCC_program.c(233): warning: implicit conversion changes signedness: 'int' to 'unsigned long' [-Wsign-conversion]
                                                CLR_BIT(RCC_CFGR , 5U ) ;
                                                ^~~~~~~~~~~~~~~~~~~~~~~
./BIT_MATH.h(16): note: expanded from macro 'CLR_BIT'
 #define CLR_BIT(REG , BITNUM) REG &= ~(1<<BITNUM)
                                   ~~ ^~~~~~~~~~~~
RCC_program.c(234): warning: implicit conversion changes signedness: 'int' to 'unsigned long' [-Wsign-conversion]
                                                CLR_BIT(RCC_CFGR , 6U ) ;
                                                ^~~~~~~~~~~~~~~~~~~~~~~
./BIT_MATH.h(16): note: expanded from macro 'CLR_BIT'
 #define CLR_BIT(REG , BITNUM) REG &= ~(1<<BITNUM)
                                   ~~ ^~~~~~~~~~~~
RCC_program.c(240): warning: implicit conversion changes signedness: 'int' to 'unsigned long' [-Wsign-conversion]
                                                CLR_BIT(RCC_CFGR , 4U ) ;
                                                ^~~~~~~~~~~~~~~~~~~~~~~
./BIT_MATH.h(16): note: expanded from macro 'CLR_BIT'
 #define CLR_BIT(REG , BITNUM) REG &= ~(1<<BITNUM)
                                   ~~ ^~~~~~~~~~~~
RCC_program.c(242): warning: implicit conversion changes signedness: 'int' to 'unsigned long' [-Wsign-conversion]
                                                CLR_BIT(RCC_CFGR , 6U ) ;
                                                ^~~~~~~~~~~~~~~~~~~~~~~
./BIT_MATH.h(16): note: expanded from macro 'CLR_BIT'
 #define CLR_BIT(REG , BITNUM) REG &= ~(1<<BITNUM)
                                   ~~ ^~~~~~~~~~~~
RCC_program.c(249): warning: implicit conversion changes signedness: 'int' to 'unsigned long' [-Wsign-conversion]
                                                CLR_BIT(RCC_CFGR , 6U ) ;
                                                ^~~~~~~~~~~~~~~~~~~~~~~
./BIT_MATH.h(16): note: expanded from macro 'CLR_BIT'
 #define CLR_BIT(REG , BITNUM) REG &= ~(1<<BITNUM)
                                   ~~ ^~~~~~~~~~~~
RCC_program.c(254): warning: implicit conversion changes signedness: 'int' to 'unsigned long' [-Wsign-conversion]
                                                CLR_BIT(RCC_CFGR , 4U ) ;
                                                ^~~~~~~~~~~~~~~~~~~~~~~
./BIT_MATH.h(16): note: expanded from macro 'CLR_BIT'
 #define CLR_BIT(REG , BITNUM) REG &= ~(1<<BITNUM)
                                   ~~ ^~~~~~~~~~~~
RCC_program.c(255): warning: implicit conversion changes signedness: 'int' to 'unsigned long' [-Wsign-conversion]
                                                CLR_BIT(RCC_CFGR , 5U ) ;
                                                ^~~~~~~~~~~~~~~~~~~~~~~
./BIT_MATH.h(16): note: expanded from macro 'CLR_BIT'
 #define CLR_BIT(REG , BITNUM) REG &= ~(1<<BITNUM)
                                   ~~ ^~~~~~~~~~~~
RCC_program.c(261): warning: implicit conversion changes signedness: 'int' to 'unsigned long' [-Wsign-conversion]
                                                CLR_BIT(RCC_CFGR , 4U ) ;
                                                ^~~~~~~~~~~~~~~~~~~~~~~
./BIT_MATH.h(16): note: expanded from macro 'CLR_BIT'
 #define CLR_BIT(REG , BITNUM) REG &= ~(1<<BITNUM)
                                   ~~ ^~~~~~~~~~~~
RCC_program.c(215): warning: enumeration values 'AHB_Pre32' and 'AHB_Pre256' not explicitly handled in switch [-Wswitch-enum]
                        switch (AHB_Prescaler)
                                ^
RCC_program.c(313): warning: default label in switch which covers all enumeration values [-Wcovered-switch-default]
                 default :
                 ^
44 warnings generated.
compiling RCC_program.c...
compiling system_stm32f4xx.c...
GPIO_program.c(25): warning: In file included from...
./GPIO_config.h(37): warning: no newline at end of file [-Wnewline-eof]
#endif /* GPIO_CONFIG_H_ */
                           ^
GPIO_program.c(169): warning: implicit conversion loses integer precision: 'u32' (aka 'unsigned long') to 'u8' (aka 'unsigned char') [-Wimplicit-int-conversion]
                              case GPIOA: u8Local_Data = (u32) (GPIOA_IDR &(1U<<copy_u8PIN)); break;
                                                       ~ ^~~~~~~~~~~~~~~~~~~~~~~~~~~~~~~~~~~
GPIO_program.c(170): warning: implicit conversion loses integer precision: 'u32' (aka 'unsigned long') to 'u8' (aka 'unsigned char') [-Wimplicit-int-conversion]
                                                case GPIOB: u8Local_Data = (u32) (GPIOB_IDR &(1U<<copy_u8PIN)); break;
                                                                         ~ ^~~~~~~~~~~~~~~~~~~~~~~~~~~~~~~~~~~
GPIO_program.c(171): warning: implicit conversion loses integer precision: 'u32' (aka 'unsigned long') to 'u8' (aka 'unsigned char') [-Wimplicit-int-conversion]
                                                case GPIOC: u8Local_Data = (u32) (GPIOC_IDR &(1U<<copy_u8PIN)); break;
                                                                         ~ ^~~~~~~~~~~~~~~~~~~~~~~~~~~~~~~~~~~
GPIO_program.c(172): warning: implicit conversion loses integer precision: 'u32' (aka 'unsigned long') to 'u8' (aka 'unsigned char') [-Wimplicit-int-conversion]
                                                case GPIOD: u8Local_Data = (u32) (GPIOD_IDR &(1U<<copy_u8PIN)); break;
                                                                         ~ ^~~~~~~~~~~~~~~~~~~~~~~~~~~~~~~~~~~
GPIO_program.c(173): warning: implicit conversion loses integer precision: 'u32' (aka 'unsigned long') to 'u8' (aka 'unsigned char') [-Wimplicit-int-conversion]
                                                case GPIOE: u8Local_Data = (u32) (GPIOE_IDR &(1U<<copy_u8PIN)); break;
                                                                         ~ ^~~~~~~~~~~~~~~~~~~~~~~~~~~~~~~~~~~
GPIO_program.c(174): warning: implicit conversion loses integer precision: 'u32' (aka 'unsigned long') to 'u8' (aka 'unsigned char') [-Wimplicit-int-conversion]
                                                case GPIOF: u8Local_Data = (u32) (GPIOF_IDR &(1U<<copy_u8PIN)); break;
                                                                         ~ ^~~~~~~~~~~~~~~~~~~~~~~~~~~~~~~~~~~
GPIO_program.c(175): warning: implicit conversion loses integer precision: 'u32' (aka 'unsigned long') to 'u8' (aka 'unsigned char') [-Wimplicit-int-conversion]
                                                case GPIOG: u8Local_Data = (u32) (GPIOG_IDR &(1U<<copy_u8PIN)); break;
                                                                         ~ ^~~~~~~~~~~~~~~~~~~~~~~~~~~~~~~~~~~
GPIO_program.c(176): warning: implicit conversion loses integer precision: 'u32' (aka 'unsigned long') to 'u8' (aka 'unsigned char') [-Wimplicit-int-conversion]
                                                case GPIOH: u8Local_Data = (u32) (GPIOH_IDR &(1U<<copy_u8PIN)); break;          
                                                                         ~ ^~~~~~~~~~~~~~~~~~~~~~~~~~~~~~~~~~~
GPIO_program.c(331): warning: no newline at end of file [-Wnewline-eof]
}
 ^
10 warnings generated.
compiling GPIO_program.c...
linking...
Program Size: Code=1448 RO-data=444 RW-data=0 ZI-data=1632  
".\Objects\LED.axf" - 0 Error(s), 54 Warning(s).

<h2>Software Packages used:</h2>

Package Vendor: ARM
                http://www.keil.com/pack/ARM.CMSIS.5.8.0.pack
                ARM.CMSIS.5.8.0
                CMSIS (Common Microcontroller Software Interface Standard)
   * Component: CORE Version: 5.5.0

Package Vendor: Keil
                http://www.keil.com/pack/Keil.STM32F4xx_DFP.2.15.0.pack
                Keil.STM32F4xx_DFP.2.15.0
                STMicroelectronics STM32F4 Series Device Support, Drivers and Examples
   * Component: Startup Version: 2.6.3

<h2>Collection of Component include folders:</h2>
  .\RTE\_Target_1
  C:\Users\Pro\AppData\Local\Arm\Packs\ARM\CMSIS\5.8.0\CMSIS\Core\Include
  C:\Users\Pro\AppData\Local\Arm\Packs\Keil\STM32F4xx_DFP\2.15.0\Drivers\CMSIS\Device\ST\STM32F4xx\Include

<h2>Collection of Component Files used:</h2>

   * Component: ARM::CMSIS:CORE:5.5.0

   * Component: Keil::Device:Startup:2.6.3
      Source file:   MDK\Device\Source\ARM\STM32F42xxx_43xxx_OPT.s
      Include file:  Drivers\CMSIS\Device\ST\STM32F4xx\Include\stm32f4xx.h
      Source file:   MDK\Device\Source\ARM\STM32F4xx_OTP.s
      Source file:   Drivers\CMSIS\Device\ST\STM32F4xx\Source\Templates\arm\startup_stm32f429xx.s
      Source file:   Drivers\CMSIS\Device\ST\STM32F4xx\Source\Templates\system_stm32f4xx.c
Build Time Elapsed:  00:00:05
</pre>
</body>
</html>
